// Jest Snapshot v1, https://goo.gl/fbAQLP

exports[`fasta/build should generate a fasta file from a fasta object 1`] = `
"> Emydura_subglobosa__KC755190
ggaacaataaattatcacctcaaaagacac
> Emydura_victoriae__KC755189
ggaacaatcaattattaccccacaaagac
> Emydura_victoriae__KC755188
ggaacaatcaattattaccccacaaggaa"
`;
