// Jest Snapshot v1, https://goo.gl/fbAQLP

exports[`emydura-short.fasta 1`] = `
"8 843
b50c0d0cbx1 -ggaacaataaattatcacctcaaaagacacataaaaccacaggaaccccta-ctcaaccataaaaaacacaaatccactattaaaaatcattaacaacacctttattgatctccccaccccatctaacatctctactttatgaaactttggttcattactaggggcatgcctcattctacaactagccacaggaatcttcttagctatacactactcatctgatatttccatagcattctcatcaatctcccacatccaacgagacgttcaatatggctgactaattcgaaatatacacgctaacggtgcttcattattctttatatgcatttacctccatattggacgaggaatctactacggttcatacctttacaagaaaacctgaaacactggagtaatattactactcctagtcatagccactgcattcgtgggctacgtactaccatgaggacaaatatcattctgaggagctacagtaatcaccaatctcctatcagccattccatatgtaggccctacacttgtagaatgaatttgaggggggttctccgtagataacgccacccttacccgattctttacattccacttcctaatcccattcgccatcctaggaataactatactacatctactactactacatgaaacaggatcaaacaacccaacaggactaaactcaaactgtgacaaaatcccattccacccatatttctcctataaagatctactaggccttattctaataataacactcctactcacccttaccctattctaccctaacctactaggagatccagacaactttacaccagccaacccactaaccacc
a13630e35x1 ggaacaatcaattattaccccacaaagacacataaaaccacaggaacccctactccaaccataaaaaacacaaatccactattaaaaatcattaacaacaccttcgttgatcttcccaccccatccaacatctccgctttatgaaacttcggatcattactaggagcatgcctcattctacaactagccacaggaatcttcttagctatacactactcatccgacatttctacagcattctcatcaatttcccacatccaacgagatgttcaatatggatgacttattcgaaatatacacgccaacggtgcttcattattctttatatgcatctaccttcatattggacgagggatctactacggttcctacctttacaacaaaacctgaaacactggagtaatattactactcctagttatagccactgcattcgtgggctacgtgctaccatgaggccaaatatcattctgaggggctacagtaatcaccaacctattatcagccattccatacgtaggcccaacacttgtagagtggatttgaggagggttctccgtagacaacgctactcttactcgattcttcacatttcactttctaatcccattcgccatcctaggaataaccctactacacctcctacttctacacgaaacaggatcaaacaacccaacaggactaaactcaaactgtgacaaaatcccattccacccatatttctcgtataaagacctactaggcctcatcctaataattatatgtctactcacccttaccctatttcacccaaacctactaggagatccagacaactttacaccagccaatccactaaccacc
a13630e35x2 ggaacaatcaattattaccccacaaagacacataaaaccacaggaacctctactccaaccataaaaaacacaaatccactattaaaaatcattaacaacaccttcgttgatcttcccaccccatccaacatctccgctttatgaaacttcggatcattactaggagcatgcctcattctacaactagccacaggaatcttcttagctatacactactcatccgacatttctacagcattctcatcaatttcccacatccaacgagatgttcaatatggatgacttattcgaaatatacacgccaacggtgcttcattattctttatatgcatctaccttcatattggacgagggatctactacggttcctacctttacaacaaaacctgaaacactggagtaatattactactcctagttatagccactgcattcgtgggctacgtgctaccatgaggccaaatatcattctgaggggctacagtaatcaccaacctattatcagccattccatacgtaggcccaacacttgtagagtggatttgaggagggttctccgtagacaacgctactcttactcgattcttcacatttcactttctaatcccattcgccatcctaggaataaccctactacacctcctacttctacacgaaacaggatcaaacaacccaacaggactaaactcaaactgtgacaaaatcccattccacccatatttctcgtataaagacctactaggcctcatcctaataattatatgtctactcacccttaccctatttcacccaaacctactaggagatccagacaactttacaccagccaatccactaaccacc
defd70034x1 -ggaacaataa--attatccccaaaagacacataaaactacaggaa-cccctactcaaccataaaaaacacaaacccactactaaaaatcattaataatacctttattgatctccccactccacctaacatctccgctttgtgaaactttggatcattactaggggcatgcctcgctctacaactagccacaggaatcttcttagcgatacactactcatccgatatctccatagcattctcatcaatctcccacatccaacgagatgttcaatatggctgactaattcgaaatatacacgccaacggtgcttcattattctttatatgcatttacctccatattggacgaggaatttactacggttcatatctttacaacaaaacctgaaacactggggtaatattactactcctagtcatagccactgcattcgtgggatacgtactaccatgaggacaaatatcattctgaggagctacagtaatcaccaatctcttatcagccattccatacgtaggccctacacttgtagagtgaatctgagggggattctccgtagatagtgctacccttactcgattcttcacattccactttctaatcccattcgctatcctagggataactatactacatctactactgctacatgaaacaggatcaaacaacccaacaggactaaactcaaactgtgacaaaatcccattccacccatatttctcttataaagatctactaggcctcattctgataatcacacttctactcactcttaccctattctaccccaacctactaggagacccagacaactttacaccagccaacccactaaccacc
defd70034x2 -ggaacaataa--attatccccaaaagacacataaaactacaggaa-cccctactcaaccataaaaaacacaaacccactattaaaaatcattaataatacctttattgacctccccactccacctaacatctccgctttgtgaaactttggatcattactaggggcatgcctcgctctacaactagccacaggaatcttcttagcgatacactactcatccgatatctccatagcattctcatcaatctcccacatccaacgagatgttcaatatggctgactaattcgaaatatacacgccaacggtgcttcattattctttatatgcatttacctccatattggacgaggaatttactacggttcatatctttacaacaaaacctgaaacactggggtaatattactactcctagtcatagccactgcattcgtgggatacgtactaccatgaggacaaatatcattctgaggagctacagtaatcaccaatctattatcagccattccatacgtaggccctacacttgtagagtgaatctgagggggattctccgtagatagtgctacccttactcgattcttcacattccactttctaatcccattcgctatcctagggataactatactacatctactattgctacatgaaacaggatcaaacaacccaacaggactaaactcaaactgtgacaaaatcccattccacccatatttctcttataaagatctactaggcctcattctgataatcacacttctactcactcttaccctattctaccccaacctactaggagacccagacaactttacaccagccaacccactaaccacc
b50c0d0cbx2 -ggaacaataaattaccaccccaaaagacacataaaaccacaggaacccctaccccaaccataaaaaacacaaatccactattaaaaatcattaacaataccttcattgacctccccaccccatctaacatctccgctctatgaaactttgggtcattactaggggcatgccttattctacaactagccacaggaatcttcttagctatacactactcatccgacatttccatagcattctcatcaatctcccacatccaacgagacgttcaatatggctgactaattcgaaatatacacgctaacggtgcttcattattctttatatgcatttacctccatattgggcgaggaatttactacggttcatacctttacaagaaaacttgaaacactggagtaatattactactcctagtaatagccactgcattcgtgggctacgtactaccatgaggacaaatatcattctgaggggctacagtaatcactaatcttctatcagccattccatatgtaggccctacacttgtagaatgaatttgaggaggattctccgtagataacgccacccttacccgattctttacattccactttctaatcccattcgccatcctgggaataactatactacatctactactactacatgaaacaggatcaaataacccaacaggactaaactcaaactgtgacaaaatcccattccacccatatttctcttataaagacctactaggccttattctaataatcacactcctactcacccttaccctgttctaccccaacctactaggagacccagacaactttacaccagccaacccactgaccacc
b50c0d0cbx3 -ggaacaataaattacctccccaaaagacacataaaactacaggaacccctacctcaaccataaaaaacacaaacccactattaaaaatcattaataatacctttattgatctccccactccacctaacatctccgctttgtgaaactttggatcattactaggggcatgcctcgctctacaactagccacaggaatcttcttagcgatacactactcatctgatatctccatagcattctcatcaatctcccacatccaacgagatgttcaatatggctgactaattcgaaatatacacgccaacggtgcttcattattctttatatgcatttacctccatattggacgaggaatttactacggttcatacctttacaacaaaacctgaaacactggggtaatattactactcctagtcatagccactgcattcgtgggatacgtactaccatgaggacaaatatcattctgaggagctacagtaatcaccaacctcttatcagccattccatacgtaggccctacacttgtagagtgaatctgagggggattctccgtagatagtgctacccttactcgattcttcacattccactttctaatcccattcgctatcctagggataactatactacatctactactgctacatgaaacaggatcaaacaacccaacaggactaaactcaaactgtgacaaaatcccattccacccatatttctcttataaagatctactaggcctcattctgataatcacacttctactcactcttaccctattctaccccaacctactaggagacccagacaactttacaccagccaacccactaaccacc
0974e9006x1 -ggaacaatcaattattacccacaaagacacataaaaccacaggaacctctactccaaccataaaaaacacaaatccactattaaaaatcattaataacacctttgttgatcttcccaccccatccaatatctccgccttatgaaacttcggatcattactaggggcatgcctcattctacaactagccacaggaattttcttagccatacactactcatccgacatttctacagcattctcatcaatttcccacatccaacgagatgttcaatatggatgacttattcgaaatatacacgccaacggtgcttcattattctttatatgcatctaccttcatattggacgaggaatctattacggttcctacctttacaataaaacctgaaacactggagtaatattactactactagtcatagccactgcattcgtaggctacgtactaccatgaggccaaatatcattctgaggggctacagtaatcaccaacctattatcagccatcccatacgtaggcccaacacttgtagagtgaatttgaggagggttctccgtagacaacgccacccttactcgattcttcacatttcactttctaatcccattcgccatcctaggaataaccctactacacctcctacttctacacgaaacaggatcaaataacccaacaggactaaactcaaactgtgacaaaatcccattccacccatatttctcgtataaagacctactaggactcatcctaataatcatatgtctacttaccctcaccctattttacccaaacctactaggagatccagacaactttacaccagccaatccactaaccact
"
`;
