// Jest Snapshot v1, https://goo.gl/fbAQLP

exports[`emydura-short.fasta 1`] = `
"8 843
b50c0d0cb_1 -ggaacaataaattatcacctcaaaagacacataaaaccacaggaaccccta-ctcaaccataaaaaacacaaatccactattaaaaatcattaacaacacctttattgatctccccaccccatctaacatctctactttatgaaactttggttcattactaggggcatgcctcattctacaactagccacaggaatcttcttagctatacactactcatctgatatttccatagcattctcatcaatctcccacatccaacgagacgttcaatatggctgactaattcgaaatatacacgctaacggtgcttcattattctttatatgcatttacctccatattggacgaggaatctactacggttcatacctttacaagaaaacctgaaacactggagtaatattactactcctagtcatagccactgcattcgtgggctacgtactaccatgaggacaaatatcattctgaggagctacagtaatcaccaatctcctatcagccattccatatgtaggccctacacttgtagaatgaatttgaggggggttctccgtagataacgccacccttacccgattctttacattccacttcctaatcccattcgccatcctaggaataactatactacatctactactactacatgaaacaggatcaaacaacccaacaggactaaactcaaactgtgacaaaatcccattccacccatatttctcctataaagatctactaggccttattctaataataacactcctactcacccttaccctattctaccctaacctactaggagatccagacaactttacaccagccaacccactaaccacc
a13630e35_1 ggaacaatcaattattaccccacaaagacacataaaaccacaggaacccctactccaaccataaaaaacacaaatccactattaaaaatcattaacaacaccttcgttgatcttcccaccccatccaacatctccgctttatgaaacttcggatcattactaggagcatgcctcattctacaactagccacaggaatcttcttagctatacactactcatccgacatttctacagcattctcatcaatttcccacatccaacgagatgttcaatatggatgacttattcgaaatatacacgccaacggtgcttcattattctttatatgcatctaccttcatattggacgagggatctactacggttcctacctttacaacaaaacctgaaacactggagtaatattactactcctagttatagccactgcattcgtgggctacgtgctaccatgaggccaaatatcattctgaggggctacagtaatcaccaacctattatcagccattccatacgtaggcccaacacttgtagagtggatttgaggagggttctccgtagacaacgctactcttactcgattcttcacatttcactttctaatcccattcgccatcctaggaataaccctactacacctcctacttctacacgaaacaggatcaaacaacccaacaggactaaactcaaactgtgacaaaatcccattccacccatatttctcgtataaagacctactaggcctcatcctaataattatatgtctactcacccttaccctatttcacccaaacctactaggagatccagacaactttacaccagccaatccactaaccacc
a13630e35_2 ggaacaatcaattattaccccacaaagacacataaaaccacaggaacctctactccaaccataaaaaacacaaatccactattaaaaatcattaacaacaccttcgttgatcttcccaccccatccaacatctccgctttatgaaacttcggatcattactaggagcatgcctcattctacaactagccacaggaatcttcttagctatacactactcatccgacatttctacagcattctcatcaatttcccacatccaacgagatgttcaatatggatgacttattcgaaatatacacgccaacggtgcttcattattctttatatgcatctaccttcatattggacgagggatctactacggttcctacctttacaacaaaacctgaaacactggagtaatattactactcctagttatagccactgcattcgtgggctacgtgctaccatgaggccaaatatcattctgaggggctacagtaatcaccaacctattatcagccattccatacgtaggcccaacacttgtagagtggatttgaggagggttctccgtagacaacgctactcttactcgattcttcacatttcactttctaatcccattcgccatcctaggaataaccctactacacctcctacttctacacgaaacaggatcaaacaacccaacaggactaaactcaaactgtgacaaaatcccattccacccatatttctcgtataaagacctactaggcctcatcctaataattatatgtctactcacccttaccctatttcacccaaacctactaggagatccagacaactttacaccagccaatccactaaccacc
defd70034_1 -ggaacaataa--attatccccaaaagacacataaaactacaggaa-cccctactcaaccataaaaaacacaaacccactactaaaaatcattaataatacctttattgatctccccactccacctaacatctccgctttgtgaaactttggatcattactaggggcatgcctcgctctacaactagccacaggaatcttcttagcgatacactactcatccgatatctccatagcattctcatcaatctcccacatccaacgagatgttcaatatggctgactaattcgaaatatacacgccaacggtgcttcattattctttatatgcatttacctccatattggacgaggaatttactacggttcatatctttacaacaaaacctgaaacactggggtaatattactactcctagtcatagccactgcattcgtgggatacgtactaccatgaggacaaatatcattctgaggagctacagtaatcaccaatctcttatcagccattccatacgtaggccctacacttgtagagtgaatctgagggggattctccgtagatagtgctacccttactcgattcttcacattccactttctaatcccattcgctatcctagggataactatactacatctactactgctacatgaaacaggatcaaacaacccaacaggactaaactcaaactgtgacaaaatcccattccacccatatttctcttataaagatctactaggcctcattctgataatcacacttctactcactcttaccctattctaccccaacctactaggagacccagacaactttacaccagccaacccactaaccacc
defd70034_2 -ggaacaataa--attatccccaaaagacacataaaactacaggaa-cccctactcaaccataaaaaacacaaacccactattaaaaatcattaataatacctttattgacctccccactccacctaacatctccgctttgtgaaactttggatcattactaggggcatgcctcgctctacaactagccacaggaatcttcttagcgatacactactcatccgatatctccatagcattctcatcaatctcccacatccaacgagatgttcaatatggctgactaattcgaaatatacacgccaacggtgcttcattattctttatatgcatttacctccatattggacgaggaatttactacggttcatatctttacaacaaaacctgaaacactggggtaatattactactcctagtcatagccactgcattcgtgggatacgtactaccatgaggacaaatatcattctgaggagctacagtaatcaccaatctattatcagccattccatacgtaggccctacacttgtagagtgaatctgagggggattctccgtagatagtgctacccttactcgattcttcacattccactttctaatcccattcgctatcctagggataactatactacatctactattgctacatgaaacaggatcaaacaacccaacaggactaaactcaaactgtgacaaaatcccattccacccatatttctcttataaagatctactaggcctcattctgataatcacacttctactcactcttaccctattctaccccaacctactaggagacccagacaactttacaccagccaacccactaaccacc
b50c0d0cb_2 -ggaacaataaattaccaccccaaaagacacataaaaccacaggaacccctaccccaaccataaaaaacacaaatccactattaaaaatcattaacaataccttcattgacctccccaccccatctaacatctccgctctatgaaactttgggtcattactaggggcatgccttattctacaactagccacaggaatcttcttagctatacactactcatccgacatttccatagcattctcatcaatctcccacatccaacgagacgttcaatatggctgactaattcgaaatatacacgctaacggtgcttcattattctttatatgcatttacctccatattgggcgaggaatttactacggttcatacctttacaagaaaacttgaaacactggagtaatattactactcctagtaatagccactgcattcgtgggctacgtactaccatgaggacaaatatcattctgaggggctacagtaatcactaatcttctatcagccattccatatgtaggccctacacttgtagaatgaatttgaggaggattctccgtagataacgccacccttacccgattctttacattccactttctaatcccattcgccatcctgggaataactatactacatctactactactacatgaaacaggatcaaataacccaacaggactaaactcaaactgtgacaaaatcccattccacccatatttctcttataaagacctactaggccttattctaataatcacactcctactcacccttaccctgttctaccccaacctactaggagacccagacaactttacaccagccaacccactgaccacc
b50c0d0cb_3 -ggaacaataaattacctccccaaaagacacataaaactacaggaacccctacctcaaccataaaaaacacaaacccactattaaaaatcattaataatacctttattgatctccccactccacctaacatctccgctttgtgaaactttggatcattactaggggcatgcctcgctctacaactagccacaggaatcttcttagcgatacactactcatctgatatctccatagcattctcatcaatctcccacatccaacgagatgttcaatatggctgactaattcgaaatatacacgccaacggtgcttcattattctttatatgcatttacctccatattggacgaggaatttactacggttcatacctttacaacaaaacctgaaacactggggtaatattactactcctagtcatagccactgcattcgtgggatacgtactaccatgaggacaaatatcattctgaggagctacagtaatcaccaacctcttatcagccattccatacgtaggccctacacttgtagagtgaatctgagggggattctccgtagatagtgctacccttactcgattcttcacattccactttctaatcccattcgctatcctagggataactatactacatctactactgctacatgaaacaggatcaaacaacccaacaggactaaactcaaactgtgacaaaatcccattccacccatatttctcttataaagatctactaggcctcattctgataatcacacttctactcactcttaccctattctaccccaacctactaggagacccagacaactttacaccagccaacccactaaccacc
0974e9006_1 -ggaacaatcaattattacccacaaagacacataaaaccacaggaacctctactccaaccataaaaaacacaaatccactattaaaaatcattaataacacctttgttgatcttcccaccccatccaatatctccgccttatgaaacttcggatcattactaggggcatgcctcattctacaactagccacaggaattttcttagccatacactactcatccgacatttctacagcattctcatcaatttcccacatccaacgagatgttcaatatggatgacttattcgaaatatacacgccaacggtgcttcattattctttatatgcatctaccttcatattggacgaggaatctattacggttcctacctttacaataaaacctgaaacactggagtaatattactactactagtcatagccactgcattcgtaggctacgtactaccatgaggccaaatatcattctgaggggctacagtaatcaccaacctattatcagccatcccatacgtaggcccaacacttgtagagtgaatttgaggagggttctccgtagacaacgccacccttactcgattcttcacatttcactttctaatcccattcgccatcctaggaataaccctactacacctcctacttctacacgaaacaggatcaaataacccaacaggactaaactcaaactgtgacaaaatcccattccacccatatttctcgtataaagacctactaggactcatcctaataatcatatgtctacttaccctcaccctattttacccaaacctactaggagatccagacaactttacaccagccaatccactaaccact
"
`;
