// Jest Snapshot v1, https://goo.gl/fbAQLP

exports[`processes a fasta input file 1`] = `
"> Trionyx_triunguis__HQ012626x1
--------------------------------------------------------------------------------
--------------------------------------------------------------------------------
--------------------------------------------------------------------------------
--------------------------------------------------------------------------------
-----------------------------------------------------------ACTAACCATAGCCACCGCATT
CATAGGATACGTACTACCATGAGGGCAAATATCCTTCTGAGG------GGCCACCGTAATCACAAACCTACTATCAGCCG
TCCCCTATATCGGCACCACAATAGTACAATGGGTCTGAGGAGGCTTCTCCGTAGACAATGCCA---------CCCTAAC-
--------------ACGA---------TTCTTCACCATACACTTCCTACTTCCATTCATAATCGCAGGAATAACCATAGT
--ACATCTACTATTCCTACACGAAACTGGATCAAACAACCCAATAGGACTTAACTCAAACACAGACAAAATCCC-GTTCC
ATCCCTACTTCTCATACAAAGACCTACTGGGCCTAACTGTAATACTAACCACACTACTATCTATCGCCATATTTTACCCA
AACCTATTGGGGGACCCAGACAACTTCACGCCAGCCAACCCACTATCCACCCCGCCCCACATCAAACCAGAATGATACTT
TCTATTCGCATATGCCATCTTACGATCAATCCCAAACAAATTAGGCGGAGTCCTAGCCTTACTACTATCCATCCTAGTGC
TATTCACCCTCCCCATAGTCCACACATCAAAACAACGAACACTTACCTTCCGACCAATCACCCAAACCTTATTCTGACTA
TTCGTAGCCAACCTAATAGTACTGACATGAATTGGAGGTCAACCAGTAGAAAACCCATTCATTCTTATCGGACAAACAGC
CTCCATCCTCTATTTCCTAATCTTACTCGTACTAATACC-----------------------------------------
-----------------------------
> Trionyx_triunguis__HQ012625x1
--------------------------------------------------------------------------------
--------------------------------------------------------------------------------
--------------------------------------------------------------------------------
--------------------------------------------------------------------------------
-----------------------------------------------------------ACTAACCATAGCCACCGCATT
CATAGGATACGTACTACCATGAGGGCAAATATCCTTCTGAGG------GGCCACCGTAATCACAAACCTACTATCAGCCG
TCCCCTATATCGGCACCACAATAGTACAATGGGTCTGAGGAGGCTTCTCCGTAGACAATGCCA---------CCCTAAC-
--------------ACGA---------TTCTTCACCATACACTTCCTACTTCCATTCATAATCGCAGGAATAACCATAGT
--ACATCTACTATTCCTACACGAAACTGGATCAAACAACCCAATAGGACTTAACTCAAACACAGACAAAATCCC-GTTCC
ATCCCTACTTCTCATACAAAGACCTACTGGGCCTAACTGTAATACTAACCACACTACTATCTATCGCCATATTTTACCCA
AACCTATTGGGGGACCCAGACAACTTCACGCCAGCCAACCCACTATCCACCCCGCCCCACATCAAACCAGAATGATACTT
TCTATTCGCATATGCCATCTTACGATCAATCCCAAACAAATTAGGCGGAGTCCTAGCCTTACTACTATCCATCCTAGTGC
TATTCACCCTCCCCATAGTCCACACATCAAAACAACGAACACTTACCTTCCGACCAATCACCCAAACCTTATTCTGACTA
TTCGTAGCCAACCTAATAGTACTGACATGAATTGGAGGTCAACCAGTAGAAAACCCATTCATTCTTATCGGACAAACAGC
CTCCATCCTCTATTTC----------------------------------------------------------------
-----------------------------"
`;
