// Jest Snapshot v1, https://goo.gl/fbAQLP

exports[`accounts for multiple spaces in the species name 1`] = `
"> Panthera_pardus__AB817079
ccatccaacatctcaacatgatggaactttggctccctattaggggtatgtttaatccta"
`;

exports[`felidae.gb 1`] = `
"> Panthera_pardus__AB817079
ccatccaacatctcaacatgatggaactttggctccctattaggggtatgtttaatcctacaaattctcaccggcctctt
tctagccatacattatacatcagacacaacaaccgctttctcatcagttacccatatctgccgcgatgtaaattatggct
gaattatccggtatctacacgccaatggagcctccatattctttatctgcctatacatacatgtaggacgagggatatac
tatggctcctacactttctcagagacatggaacattggagtcgtattattgttcacggttatggccacagccttcatagg
atatgtcttaccgtggggccaaatatccttttgaggggcaaccgtaattaccaacctcctatcagcaatcccatacattg
ggattgacctagtagaatgaatctgagggggcttctcagtagacaaagctaccttgacacgattctttgccttccacttc
atccttccatttatcatctcagctctagcagcagtccacctcctattccttcacgagacaggatctaacaacccctcagg
aatagtatctgactcagacaaaattccattccacccatactacacaatcaaagatatcctgggccttctagtactaatct
tagcactcatactactcgtcctattctcaccagacctgttaggagaccccgataactacatccccgccaaccctctaaat
acccctccccatatcaagcctgaatgatacttcctatttgcatacgcaatcctccgatccattcccaacaaactaggagg
agtcctagccctagtcctatccatcctaatcttagcagtcatcccc
> Panthera_pardus__AB817078
ccatccaacatctcaacatgatggaactttggctccctattaggggtatgtttaatcctacaaattctcaccggcctctt
tctagccatacattatacatcagacacaacaaccgctttctcatcagttacccatatctgccgcgatgtaaattatggct
gaattatccggtatctacacgccaatggagcctccatattctttatctgcctatacatacatgtaggacgagggatatac
tatggctcctacactttctcagagacatggaacattggagtcgtattattgttcacggttatggccacagccttcatagg
atatgtcttaccgtggggccaaatatccttttgaggggcaaccgtaattaccaacctcctatcagcaatcccatacattg
ggattgacctagtagaatgaatctgagggggcttctcagtagacaaagctaccttgacacgattctttgccttccacttc
atccttccaattatcatctcagctctagcagcagtccacctcctattccttcacgagacaggatctaacaacccctcagg
aatagtatctgactcagacaaaattccattccacccatactacacaatcaaagatatcctgggccttctagtactaatct
tagcactcatactactcgtcctattctcaccagacctgttaggagaccccgataactacatccccgccaaccctctaaat
acccctccccatatcaagcctgaatgatacttcctatttgcatacgcaatcctccgatccattcccaacaaactaggagg
agtcctagccctagtcctatccatcctaatcttagcagtcatcccc"
`;

exports[`vulpes.gb 1`] = `
"> Vulpes_macrotis__AH005827
ctcacccactagctaaaatcgttaacgactcattcattgacctccccgcaccatcaaacatttctgcctgatgaaacttc
ggatccctcctaggtatctgcctcattctacagattataacaggcctatttctagccatacactacacatccgatacagc
tactgctttttcatcagttacacacatttgccgagacgttaactacggctgaatcattcgctacatacatgcaaatggag
catctatattcttcatttgtctgttcatgcacgtgggacgaggcctatattatggatcctacgtattcatagaaacatga
aacgtcggaattgtcttactattcgcaaccatagccannnnnnnnnnnnnnnnnnnnnnnnnnnnnnnnnnnnnnnnnnn
nnnnnnnnnnnnnnnnnnnnnnnnnnnnnnnnnnnnnnnnnnnnnnnnnnnnnnnnncccctccacatatcaaaccctga
gtgatacttcctattcgcctacgctattctccggtccatccctaacaaactagggggagtcctcgccctagtattctcca
tcctaatcttagcactcatccctcacctccatacctcaaaacaacgcggaataatattccgacccctcagtcaatgccta
ttctgactcctaaccgcagacctcctcaccttaacctgaatcggaggacagccagtagaacacccctttatcatcatcgg
ccaaatcgcctctatcctatactttgctatcttattgattctaataccaaccattagcattattgaaaataatctcctaa
agtgaag"
`;
