// Jest Snapshot v1, https://goo.gl/fbAQLP

exports[`vulpes.gb 1`] = `
"> Vulpes_macrotis__AH005827
ctcacccactagctaaaatcgttaacgactcattcattgacctccccgcaccatcaaacatttctgcctgatgaaacttc
ggatccctcctaggtatctgcctcattctacagattataacaggcctatttctagccatacactacacatccgatacagc
tactgctttttcatcagttacacacatttgccgagacgttaactacggctgaatcattcgctacatacatgcaaatggag
catctatattcttcatttgtctgttcatgcacgtgggacgaggcctatattatggatcctacgtattcatagaaacatga
aacgtcggaattgtcttactattcgcaaccatagccannnnnnnnnnnnnnnnnnnnnnnnnnnnnnnnnnnnnnnnnnn
nnnnnnnnnnnnnnnnnnnnnnnnnnnnnnnnnnnnnnnnnnnnnnnnnnnnnnnnncccctccacatatcaaaccctga
gtgatacttcctattcgcctacgctattctccggtccatccctaacaaactagggggagtcctcgccctagtattctcca
tcctaatcttagcactcatccctcacctccatacctcaaaacaacgcggaataatattccgacccctcagtcaatgccta
ttctgactcctaaccgcagacctcctcaccttaacctgaatcggaggacagccagtagaacacccctttatcatcatcgg
ccaaatcgcctctatcctatactttgctatcttattgattctaataccaaccattagcattattgaaaataatctcctaa
agtgaag"
`;
