// Jest Snapshot v1, https://goo.gl/fbAQLP

exports[`accounts for multiple spaces in the species name 1`] = `
"> Panthera_pardus__AB817079
ccatccaacatctcaacatgatggaactttggctccctattaggggtatgtttaatccta"
`;

exports[`felidae.gb 1`] = `
"> Panthera_pardus__AB817079
ccatccaacatctcaacatgatggaactttggctccctattaggggtatgtttaatccta
caaattctcaccggcctctttctagccatacattatacatcagacacaacaaccgctttc
tcatcagttacccatatctgccgcgatgtaaattatggctgaattatccggtatctacac
gccaatggagcctccatattctttatctgcctatacatacatgtaggacgagggatatac
tatggctcctacactttctcagagacatggaacattggagtcgtattattgttcacggtt
atggccacagccttcataggatatgtcttaccgtggggccaaatatccttttgaggggca
accgtaattaccaacctcctatcagcaatcccatacattgggattgacctagtagaatga
atctgagggggcttctcagtagacaaagctaccttgacacgattctttgccttccacttc
atccttccatttatcatctcagctctagcagcagtccacctcctattccttcacgagaca
ggatctaacaacccctcaggaatagtatctgactcagacaaaattccattccacccatac
tacacaatcaaagatatcctgggccttctagtactaatcttagcactcatactactcgtc
ctattctcaccagacctgttaggagaccccgataactacatccccgccaaccctctaaat
acccctccccatatcaagcctgaatgatacttcctatttgcatacgcaatcctccgatcc
attcccaacaaactaggaggagtcctagccctagtcctatccatcctaatcttagcagtc
atcccc
> Panthera_pardus__AB817078
ccatccaacatctcaacatgatggaactttggctccctattaggggtatgtttaatccta
caaattctcaccggcctctttctagccatacattatacatcagacacaacaaccgctttc
tcatcagttacccatatctgccgcgatgtaaattatggctgaattatccggtatctacac
gccaatggagcctccatattctttatctgcctatacatacatgtaggacgagggatatac
tatggctcctacactttctcagagacatggaacattggagtcgtattattgttcacggtt
atggccacagccttcataggatatgtcttaccgtggggccaaatatccttttgaggggca
accgtaattaccaacctcctatcagcaatcccatacattgggattgacctagtagaatga
atctgagggggcttctcagtagacaaagctaccttgacacgattctttgccttccacttc
atccttccaattatcatctcagctctagcagcagtccacctcctattccttcacgagaca
ggatctaacaacccctcaggaatagtatctgactcagacaaaattccattccacccatac
tacacaatcaaagatatcctgggccttctagtactaatcttagcactcatactactcgtc
ctattctcaccagacctgttaggagaccccgataactacatccccgccaaccctctaaat
acccctccccatatcaagcctgaatgatacttcctatttgcatacgcaatcctccgatcc
attcccaacaaactaggaggagtcctagccctagtcctatccatcctaatcttagcagtc
atcccc
"
`;

exports[`handles URLs with // in them 1`] = `
"> Panthera_pardus__AB817079
ccatccaacatctcaacatgatggaactttggctccctattaggggtatgtttaatccta"
`;

exports[`vulpes.gb 1`] = `
"> Vulpes_macrotis__AH005827
ctcacccactagctaaaatcgttaacgactcattcattgacctccccgcaccatcaaaca
tttctgcctgatgaaacttcggatccctcctaggtatctgcctcattctacagattataa
caggcctatttctagccatacactacacatccgatacagctactgctttttcatcagtta
cacacatttgccgagacgttaactacggctgaatcattcgctacatacatgcaaatggag
catctatattcttcatttgtctgttcatgcacgtgggacgaggcctatattatggatcct
acgtattcatagaaacatgaaacgtcggaattgtcttactattcgcaaccatagccannn
nnnnnnnnnnnnnnnnnnnnnnnnnnnnnnnnnnnnnnnnnnnnnnnnnnnnnnnnnnnn
nnnnnnnnnnnnnnnnnnnnnnnnnnnnnnnnnnnnncccctccacatatcaaaccctga
gtgatacttcctattcgcctacgctattctccggtccatccctaacaaactagggggagt
cctcgccctagtattctccatcctaatcttagcactcatccctcacctccatacctcaaa
acaacgcggaataatattccgacccctcagtcaatgcctattctgactcctaaccgcaga
cctcctcaccttaacctgaatcggaggacagccagtagaacacccctttatcatcatcgg
ccaaatcgcctctatcctatactttgctatcttattgattctaataccaaccattagcat
tattgaaaataatctcctaaagtgaag
"
`;
