// Jest Snapshot v1, https://goo.gl/fbAQLP

exports[`pads accession numbers to the left with 0s when they grow past one digit 1`] = `
Object {
  "ahjmjgex01": "Emydura_victoriae__KC755189",
  "ahjmjgex02": "Emydura_victoriae__KC755189",
  "ahjmjgex03": "Emydura_victoriae__KC755188",
  "ahjmjgex04": "Emydura_victoriae__KC755188",
  "ahjmjgex05": "Emydura_victoriae__KC755188",
  "ahjmjgex06": "Emydura_victoriae__KC755188",
  "ahjmjgex07": "Emydura_victoriae__KC755188",
  "ahjmjgex08": "Emydura_victoriae__KC755188",
  "ahjmjgex09": "Emydura_victoriae__KC755188",
  "ahjmjgex10": "Emydura_victoriae__KC755188",
  "ahjmjgex11": "Emydura_victoriae__KC755188",
  "ahjmjgex12": "Emydura_victoriae__KC755188",
  "ahjmjgex13": "Emydura_victoriae__KC755188",
  "ahjmjgex14": "Emydura_victoriae__KC755188",
  "ahjmjgex15": "Emydura_victoriae__KC755188",
}
`;

exports[`shortens the accession identifiers 1`] = `
Object {
  "ahjmjgejx1": "Emydura_victoriae__KC755189",
  "ahjmjgejx2": "Emydura_victoriae__KC755188",
  "blgcgdgcx1": "Emydura_subglobosa__KC755190",
}
`;
