// Jest Snapshot v1, https://goo.gl/fbAQLP

exports[`replaces the hashed identifiers with the unhashed ones in distributions 1`] = `
Object {
  "distributions": Array [
    Object {
      "Emydura macquarii-Emydura subglobosa": 0,
      "Emydura macquarii-Emydura tanybaraga": 0,
      "Emydura macquarii-Emydura victoriae": 0,
      "Emydura tanybaraga-Emydura subglobosa": 0,
      "Emydura tanybaraga-Emydura victoriae": 0,
      "Emydura victoriae-Emydura subglobosa": 0,
    },
    Object {
      "Emydura macquarii-Emydura subglobosa": 0,
      "Emydura macquarii-Emydura tanybaraga": 0,
      "Emydura macquarii-Emydura victoriae": 0,
      "Emydura tanybaraga-Emydura subglobosa": 0,
      "Emydura tanybaraga-Emydura victoriae": 0,
      "Emydura victoriae-Emydura subglobosa": 0,
    },
    Object {
      "Emydura macquarii-Emydura subglobosa": 0,
      "Emydura macquarii-Emydura tanybaraga": 0,
      "Emydura macquarii-Emydura victoriae": 0,
      "Emydura tanybaraga-Emydura subglobosa": 0,
      "Emydura tanybaraga-Emydura victoriae": 0,
      "Emydura victoriae-Emydura subglobosa": 0,
    },
    Object {
      "Emydura macquarii-Emydura subglobosa": 0,
      "Emydura macquarii-Emydura tanybaraga": 0,
      "Emydura macquarii-Emydura victoriae": 0,
      "Emydura tanybaraga-Emydura subglobosa": 0,
      "Emydura tanybaraga-Emydura victoriae": 0,
      "Emydura victoriae-Emydura subglobosa": 0,
    },
  ],
  "probabilities": Array [],
  "results": Array [],
}
`;

exports[`replaces the hashed identifiers with the unhashed ones in probabilities 1`] = `
Object {
  "distributions": Array [],
  "probabilities": Array [
    Object {
      "Comparison": "Emydura victoriae-Emydura subglobosa",
      "Probability": 0.118441,
      "minDist": 0.00462147,
    },
    Object {
      "Comparison": "Emydura tanybaraga-Emydura subglobosa",
      "Probability": 0.130935,
      "minDist": 0.000304044,
    },
    Object {
      "Comparison": "Emydura tanybaraga-Emydura victoriae",
      "Probability": 0.102449,
      "minDist": 0.00504713,
    },
    Object {
      "Comparison": "Emydura macquarii-Emydura subglobosa",
      "Probability": 0.0944528,
      "minDist": 0.00449985,
    },
    Object {
      "Comparison": "Emydura macquarii-Emydura victoriae",
      "Probability": 0.0394803,
      "minDist": 0.00218912,
    },
    Object {
      "Comparison": "Emydura macquarii-Emydura tanybaraga",
      "Probability": 0.0784608,
      "minDist": 0.00529036,
    },
  ],
  "results": Array [],
}
`;

exports[`replaces the hashed identifiers with the unhashed ones in results 1`] = `
Object {
  "distributions": Array [],
  "probabilities": Array [],
  "results": Array [
    Object {
      "Distance": 0.00449985,
      "Probability": 0.0944528,
      "Sp Comparison": "Emydura macquarii-Emydura subglobosa",
      "seq1": "Emydura macquarii (KC755183)",
      "seq2": "Emydura subglobosa (KC755190)",
    },
    Object {
      "Distance": 0.00474308,
      "Probability": 0.0944528,
      "Sp Comparison": "Emydura macquarii-Emydura subglobosa",
      "seq1": "Emydura macquarii (KC755183)",
      "seq2": "Emydura subglobosa (KC755185)",
    },
    Object {
      "Distance": 0.00492551,
      "Probability": 0.0944528,
      "Sp Comparison": "Emydura macquarii-Emydura subglobosa",
      "seq1": "Emydura macquarii (KC755183)",
      "seq2": "Emydura subglobosa (KC755184)",
    },
    Object {
      "Distance": 0.00224992,
      "Probability": 0.0394803,
      "Sp Comparison": "Emydura macquarii-Emydura victoriae",
      "seq1": "Emydura macquarii (KC755183)",
      "seq2": "Emydura victoriae (KC755189)",
    },
    Object {
      "Distance": 0.00218912,
      "Probability": 0.0394803,
      "Sp Comparison": "Emydura macquarii-Emydura victoriae",
      "seq1": "Emydura macquarii (KC755183)",
      "seq2": "Emydura victoriae (KC755188)",
    },
    Object {
      "Distance": 0.00529036,
      "Probability": 0.0784608,
      "Sp Comparison": "Emydura macquarii-Emydura tanybaraga",
      "seq1": "Emydura macquarii (KC755183)",
      "seq2": "Emydura tanybaraga (KC755187)",
    },
    Object {
      "Distance": 0.00529036,
      "Probability": 0.0784608,
      "Sp Comparison": "Emydura macquarii-Emydura tanybaraga",
      "seq1": "Emydura macquarii (KC755183)",
      "seq2": "Emydura tanybaraga (KC755186)",
    },
  ],
}
`;
