// Jest Snapshot v1, https://goo.gl/fbAQLP

exports[`coyote-test 1`] = `
"<?xml version=\\"1.0\\" encoding=\\"UTF-8\\" standalone=\\"no\\"?>
<beast beautitemplate='StarBeast' beautistatus='' namespace=\\"beast.core:beast.evolution.alignment:beast.evolution.tree.coalescent:beast.core.util:beast.evolution.nuc:beast.evolution.operators:beast.evolution.sitemodel:beast.evolution.substitutionmodel:beast.evolution.likelihood\\" required=\\"\\" version=\\"2.4\\">

<data id=\\"data\\" name=\\"alignment\\">
	<sequence id=\\"seq_Canis_latrans__EU4005441\\" taxon=\\"Canis_latrans__EU400544\\" totalcount=\\"4\\" value=\\"---------------TATATTGAATCACCCCTACTGTGCTACGTCAGTATCTCCAAAAATC------CTTCTCCCCCCTATGTACGTCGTGCATTAATGGCTTGCCCCATGCATATAAGCATGTACATAATATTATATCTTTACATAGGACATACTGACTTAACCTTACAGCTCACTGATCTTCAACAGTTGGTTAAATGCATATCACCTAGTCCAATAAGGGCTTAATCACCATGCCTCGAGAAACCATCAATCCTTGCTCGTAATGTCCCTCTTCTCGCTCCGGGCCCATGTCTACGTGGGGGTTTCTATTATGGAACTATACCTGGCATCTGGTTCTTACCTCAGGGCCATGATTTTATTTACTCCAATCCTACTAATTCTTGCAAATGGGACATCTCGATGGACTAATGACTAATCAGCCCATGATCACACATAACTGTGGTGTCATGCATTTGGTATCTTTTAATTTTC-GGGGGGGAATCTGCTATCACTCACCTACGACCGCAACGGCACTAACTCTAACTTATCTTCTGCTCTCAGGGAATATGCC\\"/>
	<sequence id=\\"seq_Canis_latrans__EU4005451\\" taxon=\\"Canis_latrans__EU400545\\" totalcount=\\"4\\" value=\\"---------------TATATTGAATCACCCCTACTGTGCTACGTCAGTATCTCCAAAAATC------CTTCTC-CCCCTATGTACGTCGTGCATTAATGGCTTGCCCCATGCATATAAGCATGTACATAATATTATACCTTTACATAGGACATATTAACTTAACCTTACAGTTCACTGGTCTTCAACAGTTGGTTAAATGCATATCACCTAGTCCAATAAGGGCTTAATCACCATGCCTCGAGAAACCATCAATCCTTGCTCGTAATGTCCCTCTTCTCGCTCCGGGCCCATATCAACGTGGGGGTTTCTATTATGGAACTATACCTGGCATCTGGTTCTTACCTCAGGGTCATGATCTTATTTACTCCAATCCTACTAATTCTCGCAAATGGGACATCTCGATGGACTAATGACTAATCAGCCCATGATCACACATAACTGTGGTGTCATGCATTTGGTATCTTTTAATTTTC-GGGGGGGAATCTGCTATCACTCATCTACGACCGCAACGGCACTAACTCTAACTTATCTTCTGCTCTCAGGGAATATGCC\\"/>
	<sequence id=\\"seq_Canis_latrans__EU4005461\\" taxon=\\"Canis_latrans__EU400546\\" totalcount=\\"4\\" value=\\"---------------TATATTGAATCACCCCTACTGTGCTACGTCAGTATCTCCAAAAATC------CTTCTC-CCCCTATGTACGTCGTGCATTAATGGCTTGCCCCATGCATATAAGCATGTACATAATATTATACCTTTACATAGGACATATTAACTTAACCTTACAGTTCACTGGTCTTCAACAGTTGGTTAAATGCATATCACCTAGTCCAATAAGGGCTTAATCACCATGCCTCGAGAAACCATCAATCCTTGCTCGTAATGTCCCTCTTCTCGCTCCGGGCCCATATCAACGTGGGGGTTTCTATTATGGAACTATACCTGGCATCTGGTTCTTACCTCAGGGTCATGATCTTATTTACTCCAATCCTACTAATTCTCGCAAATGGGACATCTCGATGGACTAATGACTAATCAGCCCATGATCACACATAACTGTGGTGTCATGCATTTGGTATCTTTTAATTTTC-GAGGGGGAATCTGCTATCACTCATCTACGACCGCAACGGCACTAACTCTAACTTATCTTCTGCTCTCAGGGAATATGCC\\"/>
	<sequence id=\\"seq_Canis_latrans__EU4005471\\" taxon=\\"Canis_latrans__EU400547\\" totalcount=\\"4\\" value=\\"---------------TATATTGAATCACCCCTACTGTGCTACGTCAGTATCTCCAAAAATC------CTTCTC-CCCCTATGTACGTCGTGCATTAATGGCTTGCCCCATGCATATAAGCATGTACATAATATTATACCTTTACATAGGACATATTAACTTAACCTTACAGTTCACTGGTCTTCAACAGTTGGTTAAATGCATATCACCTAGTCCAATAAGGGCTTAATCACCATGCCTCGAGAAACCATCAATCCTTGCTCGTAATGTCCCTCTTCTCGCTCCGGGCCCATATCAACGTGGGGGTTTCTATTATGGAACTATACCTGGCATCTGGTTCTTACCTCAGGGTCATGATCTTATTTACTCCAATCCTACCAATTCTCGCAAATGGGACGTCTCGATGGACTAATGACTAATCAGCCCATGATCACACATAACTGTGGTGTCATGCATTTGGTATCTTCTAATTTTC-GGGGGGGAATCTGCTATCACTCATCTACGACCGCAACGGCACTAACTCTAACTTATCTTCTGCTCTCAGGGAATATGCC\\"/>
	<sequence id=\\"seq_Canis_latrans__EU4005481\\" taxon=\\"Canis_latrans__EU400548\\" totalcount=\\"4\\" value=\\"---------------TATATTGAATCACCCCTACTGTGCTACGTCAGTATCTCCAAAAATC------CTTCTC-CCCCTATGTACGTCGTGCATTAATGGCTTGCCCCATGCATATAAGCATGTACATAATATTATACCTTTACATAGGACATACTAACTTAACCTTACAGTTCACTGATCTTCAACAGTTGGTTAAATGCATATCACCTAGTCCAATAAGGGCTTAATCACCATGCCTCGAGAAACCATCAATCCTTGCTCGTAATGTCCCTCTTCTCGCTCCGGGCCCATATCAACGTGGGGGTTTCTATTATGGAACTATACCTGGCATCTGGTTCTTACCTCAGGGCCATGATCTTATTTACTCCAATCCTACTAATTCTTGCAAATGGGACATCTCGATGGACTAATGACTAATCAGCCCATGATCACACATAACTGTGGTGTCATGCATTTGGTATCTTTTAATTTTC-GGGGGGGAATCTGCTATCACTCATCTATGACCGCAACGGCACTAACTCTAACTTATCTTCTGCTCTCAGGGAATATGCC\\"/>
	<sequence id=\\"seq_Canis_latrans__EU4005491\\" taxon=\\"Canis_latrans__EU400549\\" totalcount=\\"4\\" value=\\"---------------TATATTGAATCACCCCTACTGTGCTACGTCAGTATCTCCAAAAATC------CTTCTCCCCCCTATGTACGTCGTGCATTAATGGCTTGCCCCATGCATATAAGCATGTACATAATATTATATCTTTACATAGGACATACTGACTTAACCTTACAGCTCACTGATCTTCAACAGTTGGTTAAATGCATATCACCTAGTCCAATAAGGGCTTAATCACCATGCCTCGAGAAACCATCAATCCTTGCTCGTAATGTCCCTCTTCTCGCTCCGGGCCCATGTCTACGTGGGGGTTTCTATTATGGAACTATACCTGGCATCTGGTTCTTACCTCAGGGCCATGATTTTATTTACTCCAATCCTACTAATTCTTGCAAATGGGACATCTCGATGGACTAGTGACTAATCAGCCCATGATCACACATAACTGTGGTGTCATGCATTTGGTATCTTTTAATTTTC-GGGGGGGAATCTGCTATCACTCACCTACGACCGCAACGGCACTAACTCTAACTTATCTTCTGCTCTCAGGGAATATGCC\\"/>
	<sequence id=\\"seq_Canis_latrans__EU4005501\\" taxon=\\"Canis_latrans__EU400550\\" totalcount=\\"4\\" value=\\"---------------TATATTGAATCACCCCTACTGTGCTACGTCAGTATCTCCAAAAATC------CTTCTCCCCCCTATGTACGTCGTGCATTAATGGCTTGCCCCATGCATATAAGCATGTACATAATATTATACCTTTACATAGGACATACTAACTTAACCTTACAATTCACTGATCTTCAACAGTTGGTTAAATGCATATCACCTAGTCCAATAAGGGCTTAATCACCATGCCTCGAGAAACCATCAATCCTTGCTCGTAATGTCCCTCTTCTCGCTCCGGGCCCATATCAACGTGGGGGTTTCTATTATGGAACTATACCTGGCATCTGGTTCTTACCTCAGGGCCATGATCTTATTTACTCCAATCCTACTAATTCTTGCAAATGGGACATCTCGATGGACTAATGACTAATCAGCCCATGATCACACATAACTGTGGTGTCATGCATTTGGTATCTTTTAATTTTC-GGGGGGGAATCTGCTATCACTCATCTATGACCGCAACGGCACTAACTCTAACTTATCTTCTGCTCTCAGGGAATATGCC\\"/>
	<sequence id=\\"seq_Canis_latrans__EU4005511\\" taxon=\\"Canis_latrans__EU400551\\" totalcount=\\"4\\" value=\\"---------------TATATTGAATCACCCCTACTGTGCTACGTCAGTATCTCCAAAAATC------CTTCTC-CCCCTATGTACGTCGTGCATTAATGGCTTGCCCCATGCATATAAGCATGTACATAATATTATACCTTTACATAGGACATATTAACTTAACCTTACAGTTCACTGGTCTTCAACAGTTGGTTAAATGCATATCACCTAGTCCAATAAGGGCTTAATCACCATGCCTCGAGAAACCATCAATCCTTGCTCGTAATGTCCCTCTTCTCGCTCCGGGCCCATATCAACGTGGGGGTTTCTATTATGGAACTATACCCGGCATCTGGTTCTTACCTCAGGGTCATGATCTTATTTACTCCAATCCTACTAATTCTCGCAAATGGGACATCTCGATGGACTAATGACTAATCAGCCCATGATCACACATAACTGTGGTGTCATGCATTTGGTATCTTTTAATTTTC-GGGGGGGAATCTGCTATCACTCATCTACGACCGCAACGGCACTAACTCTAACTTATCTTCTGCTCTCAGGGAATATGCC\\"/>
	<sequence id=\\"seq_Canis_latrans__EU4005521\\" taxon=\\"Canis_latrans__EU400552\\" totalcount=\\"4\\" value=\\"---------------TATATTGAATCACCCCTACTGTGCTACGTCAGTATCTCCAAAAATC------CTTCTCCCCCCTATGTACGTCGTGCATTAATGGCTTGCCCCATGCATATAAGCATGTACATAATATTATACCTTTACATAGGACATACTAACTTAACCTTACAGCTCACTGGTCTTCAACAGTTGGTTAAATGCATATCACCTAGTCCAATAAGGGCTTAATCACCATGCCTCGAGAAACCATCAATCCTTGCTCGTAATGTCCCTCTTCTCGCTCCGGGCCCATATCAACGTGGGGGTTTCTATTGTGGAACTATACCTGGCATCTGGTTCTTACCTCAGGGTCATGATCCTATTTACTCCAATCCTACTAATTCTTGCAAATGGGACATCTCGATGGACTAATGACTAATCAGCCCATGATCACACATAACTGTGGTGTCATGCATTTGGTATCTTTTAATTTTC-GGGGGGGAATCTGCTATCACTCATCTACGACCGCAACGGCACTAACTCTAACTTATCTTCTGCTCTCAGGGAATATGCC\\"/>
	<sequence id=\\"seq_Canis_latrans__EU4005531\\" taxon=\\"Canis_latrans__EU400553\\" totalcount=\\"4\\" value=\\"---------------TATATTGAATCACCCCTACTGTGCTACGTCAGTATCTCCAAAAATC------CTTCTC-CCCCTATGTACGTCGTGCATTAATGGCTTGCCCCATGCATATAAGCATGTACATAATATTATACCTTTACATAGGACATACTAACTTAACCTTACAGTTCACTGATCTTCAACAGTTGGTTAAATGCATATCACCTAGTCCAATAAGGGCTTAATCACCATGCCTCGAGAAACCATCAATCCTTGCTCGTAATGTCCCTCTTCTCGCTCCGGGCCCATATCAACGTGGGGGTTTCTATTATGGAACTATACCTGGCATCTGGTTCTTACCTCAGGGCCATGATCTTATTTACTCCAATCCTACTAATTCTTGCAAATGGGACATCTCGATGGACTAATGACTAATCAGCCCATGATCACACATAACTGTGGTGTCATGCATTTGGTATCTTTTAATTTTC-GGGGGGGAATCTGCTATCACTCATCTATGACCGCAACGGCACTAACTCCAACTTATCTTCTGCTCTCAGGGAATATGCC\\"/>
	<sequence id=\\"seq_Canis_latrans__EU4005541\\" taxon=\\"Canis_latrans__EU400554\\" totalcount=\\"4\\" value=\\"---------------TATATTGAATCACCCCTACTGTGCTACGTCAGTATCTCCAAAAAAT------CCTCCCTCCCCTATGTACGTCGTGCATTAATGGCTTGCCCCATGCATATAAGCATGTACATAATATTATATTCTTACATAGGACATATCAACTTAACCTTACAGTTCACTGATCTTCAACAG-TGGTTAAATGCATATCACCTAGTCCAATAAGGGCTTAATCACCATGCCTCGAGAAACCATCAATCCTTGCTCGTAATGTCCCTCTTCTCGCTCCGGGCCCATATCAACGTGGGGGTTTCTATCATGGAACTATACCTGGCATCTGGTTCTTACCTCAGGGTCATAATCTTATTTACTCCAATCCTACTAATTCTTGCAAATGGGACATCTCGATGGACTAATGACTAATCAGCCCATGATCACACATAACTGTGGTGTCATGCATTTGATATCTTTTAATTTTC-GGGGGGGAATCTGCTATCACTCACCTACGACCGCAACGGCACTAACTCTAACTTATCTTCTGCTCTCAGGGAATATGCC\\"/>
	<sequence id=\\"seq_Canis_latrans__EU4005551\\" taxon=\\"Canis_latrans__EU400555\\" totalcount=\\"4\\" value=\\"---------------TATATTGAATCACCCCTACTGTGCTACGTCAGTATCTCCAAAAATC------CTTCTC-CCCCTATGTACGTTGTGCATTAATGGCTTGCCCCATGCATATAAGCATGTACATAATATTATACCTTTACATAGGACATATTAACTTAACCTTACAGTTCACTGGTCTTCAACAGTTGGTTAAATGCATATCACCTAGTCCAATAAGGGCTTAATCACCATGCCTCGAGAAACCATCAATCCTTGCTCGTAATGTCCCTCTTCTCGCTCCGGGCCCATATCAACGTGGGGGTTTCTATTATGGAACTATACCTGGCATCTGGTTCTTACCTCAGGGTCATGATCTTATTTACTCCAATCCTACTAATTCTCGCAAATGGGACATCTCGATGGACTAATGACTAATCAGCCCATGATCACACATAACTGTGGTGTCATGCATTTGGTATCTTTTAATTTTC-GGGGGGGAATCTGCTATCACTCATCTACGACCGCAACGGCACTAACTCTAACTTATCTTCTGCTCTCAGGGAATATGCC\\"/>
	<sequence id=\\"seq_Canis_latrans__EU4005561\\" taxon=\\"Canis_latrans__EU400556\\" totalcount=\\"4\\" value=\\"---------------TATATTGAATCACCCCTACTGTGCTACGTCAGTATCTCCAAAAATC------CTTCTC-CCCCTATGTACGTCGTGCATTAATGGCTTGCCCCATGCATATAAGCATGTACATAATATTATACCTTTACATAGGACATATTAACTTAACCTTACAGTTCACTGGTCTTCAGCAGTTGGTTAAATGCATATCACCTAGTCCAATAAGGGCTTAATCACCATGCCTCGAGAAACCATCAATCCTTGCTCGTAATGTCCCTCTTCTCGCTCCGGGCCCATATCAACGTGGGGGTTTCTATTATGGAACTATACCTGGCATCTGGTTCTTACCTCAGGGTCATGATCTTATTTACTCCAATCCTACTAATTCTCGCAAATGGGACATCTCGATGGACTAATGACTAATCAGCCCATGATCACACATAACTGTGGTGTCATGCATTTGGTATCTTTTAATTTTC-GGGGGGGAATCTGCTATCACTCATCTACGACCGCAACGGCACTAACTCTAACTTATCTTCTGCTCTCAGGGAATATGCC\\"/>
	<sequence id=\\"seq_Canis_latrans__EU4005571\\" taxon=\\"Canis_latrans__EU400557\\" totalcount=\\"4\\" value=\\"---------------TATATTGAATCACCCCTACTGTGCTACGTCAGTATCTCCAAAAATC------CTTCTCCCCCCTATGTACGTCGTGCATTAATGGCTTGCCCCATGCATATAAGCATGTACATAATATTATATCTTTACATAGGACATACTGACTTAACCTTACAGCTCACTGATCTTCAACAGTTGGTTAAATGCATATCACCTAGTCCAATAAGGGCTTAATCACCATGCCTCGAGAAACCATCAATCCTTGCTCGTAATGTCCCTCTTCTCGCTCCGGGCCCATGTCTACGTGGGGGTTTCTATTATGGAACTATACCTGGCATCTGGTTCTTACCTCAGGGCCACGATTTTATTTACTCCAATCCTACTAATTCTTGCAAATGGGACATCTCGATGGACTAATGACTAATCAGCCCATGATCACACATAACTGTGGTGTCATGCATTTGGTATCTTTTAATTTTC-G-GGGGGAATCTGCTATCACTCACCTACGACCGCAACGGCACTAACTCTAACTTATCTTCTGCTCTCAGGGAATATGCC\\"/>
	<sequence id=\\"seq_Canis_latrans__EU4005581\\" taxon=\\"Canis_latrans__EU400558\\" totalcount=\\"4\\" value=\\"---------------TATATTGAATCACCCCTACTGTGCTACGTCAGTATCTCCAAAAATC------CTTCTC-CCCCTATGTACGTCGTGCATTAATGGCTTGCCCCATGCATATAAGCATGTACATAATATTATACCTTTACATAGGACATATTAACTTAACCTTACAGTTCACTGGTCTTCAACAGTTGGTTAAATGCATATCACCTAGTCCAATAAGGGCTTAATCACCATGCCTCGAGAAACCATCAATCCTTGCTCGTAATGTCCCTCTTCTCGCTCCGGGCCCATATCAACGTGGGGGTTTCTATTATGGAACTATACCCGGCATCTGGTTCTTACCTCAGGGTCATGATCTTATTTACTCCAATCCTACTAATTCTCGCAAATGGGACATCTCGATGGACTAATGACTAATCAGCCCATGATCACACATAACTGTGGTGTCATGCATTTGGTATCTTTTAATTTTC-G-GGGGGAATCTGCTATCACTCATCTACGACCGCAACGGCACTAACTCTAACTTATCTTCTGCTCTCAGGGAATATGCC\\"/>
	<sequence id=\\"seq_Canis_latrans__EU4005591\\" taxon=\\"Canis_latrans__EU400559\\" totalcount=\\"4\\" value=\\"---------------TATATTGAATCACCCCTACTGTGCTACGTCAGTATCTCCAAAAAAT------CCTCCCTCCCCTATGTACGTCGTGCATTAATGGCTTGCCCCATGCATATAAGCATGTACATAATATTATATTCTTACATAGGACATATCAACTTAACCTTGCAGTTCACTGATCTTCAACAG-TGGTTAAATGCATATCACCTAGTCCAATAAGGGCTTAATCACCATGCCTCGAGAAACCATCAATCCTTGCTCGTAATGTCCCTCTTCTCGCTCCGGGCCCATATCAACGTGG-GGTTTCTATCATGGAACTATACCTGGCATCTGGTTCTTACCTCAGGGTCATAATCTTATTTACTCCAATCCTACTAATTCTTGCAAATGGGACATCTCGATGGACTAATGACTAATCAGCCCATGATCACACATAACTGTGGTGTCATGCATTTGGTATCTTTTAATTTTC-GGGGGGGAATCTGCTATCACTCACCTACGACCGCAACGGCACTAACTCTAACTTATCTTCTGCTCTCAGGGAATATGCC\\"/>
	<sequence id=\\"seq_Canis_latrans__EU4005601\\" taxon=\\"Canis_latrans__EU400560\\" totalcount=\\"4\\" value=\\"---------------TATATTGAATCACCCCTACTGTGCTACGTCAGTATCTCCAAAAATC------CTTCTC-CCCCTATGTACGTCGTGCATTAATGGCTCGCCCCATGCATATAAGCATGTACATAATATTATACCTTTACATAGGACATATTAACTTAACCTTACAGTTCACTGGTCTTCAACAGTTGGTTAAATGCATATCACCTAGTCCAATAAGGGCTTAATCACCATGCCTCGAGAAACCATCAATCCTTGCTCGTAATGTCCCTCTTCTCGCTCCGGGCCCATATCAACGTGGGGGTTTCTATTATGGAACTATACCTGGCATCTGGTTCTTACCTCAGGGTCATGATCTTATTTACTCCAATCCTACCAATTCTCGCAAATGGGACGTCTCGATGGACTAATGACTAATCAGCCCATGATCACACATAACTGTGGTGTCATGCATTTGGTATCTTCTAATTTTC-GGGGGGGAATCTGCTACCACTCATCTACGACCGCAACGGCACTAACTCTAACTTATCTTCTGCTCTCAGGGAATATGCC\\"/>
	<sequence id=\\"seq_Canis_latrans__EU4005611\\" taxon=\\"Canis_latrans__EU400561\\" totalcount=\\"4\\" value=\\"---------------TATATTGAATCACCCCTACTGTGCTACGTCAGTATCTCCAAAAAAT------CCTCCCTCCCCTATGTACGTCGTGCATTAATGGCTTGCCCCATGCATATAAGCATGTACATAATATTATATTCTTACATAGGACATATCAACTTAACCTTGCAGTTCACTGATCTTCAACAG-TGGTTAAATGCATATCACCTAGTCCGATAAGGGCTTAATCACCATGCCTCGAGAAACCATCAATCCTTGCTCGTAATGTCCCTCTTCTCGCTCCGGGCCCATATCAACGTGGGGGTTTCTATCATGGAACTATGCCTGGCATCTGGTTCTTACCTCAGGGTCATAATCTTATTTACTCCAATCCTACTAATTCTTGCAAATGGGACATCTCGATGGACTAATGACTAATCAGCCCATGATCACACATAACTGTGGTGTCATGCATTTGGTATCTTTTAATTTTC-GGGGGGGAATCTGCTATCACTCACCTACGACCGCAACGGCACTAACTCTAACTTATCTTCTGCTCTCAGGGAATATGCC\\"/>
	<sequence id=\\"seq_Canis_latrans__EU4005621\\" taxon=\\"Canis_latrans__EU400562\\" totalcount=\\"4\\" value=\\"---------------TATATTGAATCACCCCTACTGTGCTACGTCAGTATCTCCAAAAATC------CTTCTC-CCCCTATGTACGTCGTGCATTAATGGCTTGCCCCATGCATATAAGCATGTACATAATATTATACCTTTACATAGGACATATTAACTTAACCTTACAGTTCACTGGTCTTCAACAGTTGGTTAAATGCATATCACCTAGTCCAATAAGGGCTTAATCACCATGCCTCGAGAAACCATCAATCCTTGCTCGTAATGTCCCTCTTCTCGCTCCGGGCCCATATCAACGTGGGGGTTTCTATTATGGAACTATACCTGGCATCTGGTTCTTACCTCAGGGTCATGATCTTATTTACTCCAATCCTACCAATTCTCGCAAATGGGACGTCTCGATGGACTAATGACTAATCAGCCCATGATCACACATAACTGTGGTGTCATGCATTTGGTATCTTCTAATTTTC-GGGGGGGAATCTGCTATCACTCATCTACGACCGCAACGGCACTAACTCTAACTTATCTCCTGCTCTCAGGGGATATGCC\\"/>
	<sequence id=\\"seq_Canis_latrans__EU4005631\\" taxon=\\"Canis_latrans__EU400563\\" totalcount=\\"4\\" value=\\"---------------TATATTGAATCACCCCTACTGTGCTACGTCAGTATCTCCAAAAATC------CTTCTC-CCCCTATGTACGTCGTGCGTTAATGGCTTGCCCCATGCATATAAGCATGTACATAATATTATACCTTTACATAGGACATATTAACTTAACCTTACAGTTCACTGGTCTTCAACAGTTGGTTAAATGCATATCACCTAGTCCAATAAGGGCTTAATCACCATGCCTCGAGAAACCATCAATCCTTGCTCGTAATGTCCCTCTTCTCGCTCCGGGCCCATATCAACGTGGGGGTTTCTATTATGGAACTATACCTGGCATCTGGTTCTTACCTCAGGGTCATGATCTTATTTACTCCAATCCTACTAATTCTCGCAAATGGGACATCTCGATGGACTAATGACTAATCAGCCCATGATCACACATAACTGTGGTGTCATGCATTTGGTATCTTTTAATTTTC-GGGGGGGAATCTGCTATCACTCATCTACGACCGCAACGGCACTAACTCTAACTTATCTTCTGCTCTCAGGGAATATGCC\\"/>
	<sequence id=\\"seq_Canis_latrans__EU4005641\\" taxon=\\"Canis_latrans__EU400564\\" totalcount=\\"4\\" value=\\"---------------TATATTGAATCACCCCTACTGTGCTACGTCAGTATCTCCAAAAATC------CTTCTC-CCCCTATGTACGTCGTGCATTAATGGCTTGCCCCATGCATATAAGCATGTACATAATATTATACCTTTACATAGGACATATTAACTTAACCTTACAGTTCACTGGTCTTCAACAGTTGGTTAAATGCATATCACCTAGTCCAATAAGGGCTTAATCACCATGCCTCGAGAAACCATCAATCCTTGCTCGTAATGTCCCTCTTCTCGCTCCGGGCCCATATCAACGTGGGGGTTTCTATTATGGAACTATACCTGGCATCTGGTTCTTACCTCAGGGTCATGATCTTATTTACTCCAATCCTACCAATTCTCGCAAATGGGACGTCTCGATGGACTAATGACTAATCAGCCCATGATCACACATAACTGTGGTGTCATGCATTTGGTATCTTCTAATTTTC-GGGGGGGAATCTGCTATCACTCATCTACGATCGCAACGGCACTAACTCTAACTTATCTTCTGCTCTCAGGGAATATGCC\\"/>
	<sequence id=\\"seq_Canis_latrans__EU4005651\\" taxon=\\"Canis_latrans__EU400565\\" totalcount=\\"4\\" value=\\"---------------TATATTGAATCACCCCTACTGTGCTACGTCAGTATCTCCAAAATTC------CTTCTC-CCCCTATGTACGTCGTGCATTAATGGCTTGCCCCATGCATATAAGCATGTACATAATATTATACCTTTACATAGGACATATTAACTTAACCTTACAGTTCACTGGTCTTCAACAGTTGGTTAAATGCATATCACCTAGTCCAATAAGGGCTTAATCACCATGCCTCGAGAAACCATCAATCCTTGCTCGTAATGTCCCTCTTCTCGCTCCGGGCCCATATCAACGTGGGGGTTTCTATTATGGAACTATACCTGGCATCTGGTTCTTACCTCAGGGTCATGATCTTATTTACTCCAATCCTACCAATTCTCGCAAATGGGACGTCTCGATGGACTAATGACTAATCAGCCCATGATCACACATAACTGTGGTGTCATGCATTTGGTATCTTCTAATTTTC-GGGGGGGAATCTGCTATCACTCATCTACGACCGCAACGGCACTAACTCTAACTTATCTTCTGCTCTCAGGGAATATGCC\\"/>
	<sequence id=\\"seq_Canis_latrans__EU4005661\\" taxon=\\"Canis_latrans__EU400566\\" totalcount=\\"4\\" value=\\"---------------TATATTGAATCACCCCTACTGTGCTACGTCAGTATCTCCAAAAATC------CTTCTCCCCCCTATGTACGTCGTGCATTAATGGCTTGCCCCATGCATATAAGCATGTACATAATATTATATCTTTACATAGGACATACTGACTTAACCTTACAGCTCACTGATCTTCAACAGTTGGTTAAATGCATATCACCTAGTCCAATAAGGGCTTAATCACCATGCCTCGAGAAACCATCAATCCTTGCTCGTAATGTCCCTCTTCTCGCTCCGGGCCCATGTCTACGTGGGGGTTTCTATTATGGAACTATACCTGGCATCCGGTTCTTACCTCAGGGCCATGATTTTATTTACTCCAATCCTACTAATTCTTGCAAATGGGACATCTCGATGGACTAATGACTAATCAGCCCATGATCACACATAACTGTGGTGTCATGCATTTGGTATCTTTTAATTTTC-GGGGGGGAATCTGCTATCACTCACCTACGACCGCAACGGCACTAACTCTAACTTATCTTCTGCTCTCAGGGAATATGCC\\"/>
	<sequence id=\\"seq_Canis_latrans__EU4005671\\" taxon=\\"Canis_latrans__EU400567\\" totalcount=\\"4\\" value=\\"---------------TATATTGAATCACCCCTACTGTGCTACGTCAGTATCTCCAAAAATC------CTTCTC-CCCCTATGTACGTCGTGCATTAATGGCTTGCCCCATGCATATAAGCATGTACATAATATTATACCTTTACATAGGACATATTAACTTAACCTTACAGTTCACTGGTCTTCAACAGTTGGTTAAATGCATATCACCTAGTCCAATAAGGGCTTAATCACCATGCCTCGAGAAACCATCAATCCTTGCTCGTAATGTCCCTCTTCTCGCTCCGGGCCCATATCAACGTGGGGGTTTCTATTATGGAACTATACCTGGCGTCTGGTTCTTACCTCAGGGTCATGATCTTATTTACTCCAATCCTACCAATTCTCGCAAATGGGACGTCTCGATGGACTAATGACTAATCAGCCCATGATCACACATAACTGTGGTGTCATGCATTTGGTATCTTCTAATTTTC-GGGGGGGAATCTGCTATCACTCATCTACGACCGCAACGGCACTAACTCTAACTTATCTTCTGCTCTCAGGGAATATGCC\\"/>
	<sequence id=\\"seq_Canis_latrans__EU4005681\\" taxon=\\"Canis_latrans__EU400568\\" totalcount=\\"4\\" value=\\"---------------TATATTGAATCACCCCTACTGTGCTGCGTCAGTATCTCCAAAAATC------CTTCTCCCCCCTATGTACGTCGTGCATTAATGGCTTGCCCCATGCATATAAGCATGTACATAATATTATATCTTTACATAGGACATACTGACTTAACCTTACAGCTCACTGATCTTCAACAGTTGGTTAAATGCATATCACCTAGTCCAATAAGGGCTTAATCACCATGCCTCGAGAAACCGTCAATCCTTGCTCGTAATGTCCCTCTTCTCGCTCCGGGCCCATGTCTACGTGGGGATTTCTATTATGGAACTATACCTGGCATCTGGTTCTTACCTCAGGGCCATGATTTTATTTACTCCAATCCTACTAATTCTTGCAAATGGGACATCTCGATGGACTAATGACTAATCAGCCCATGATCACACATAACTGTGGTGTCATGCATTTGGTATCTTTTAATTTTC-GGGGGGGAATCTGCTATCACTCACCTACGACCGCAACGGCACTAACTCTAACTTATCTTCTGCTCTCAGGGAATATGCC\\"/>
	<sequence id=\\"seq_Canis_latrans__EU4005691\\" taxon=\\"Canis_latrans__EU400569\\" totalcount=\\"4\\" value=\\"---------------TATATTGAATCACCCCTACTGTGCTACGTCAGTATCTCCAAAAATC------CTTCTC-CCCCTATGTACGTCGTGCATTAATGGCTTGCCCCATGCATATAAGCATGTACATAATATTATACCTTTACATAGGACATACTAACTTAACCTTACAGTTCACTGATCTTCAACAGTTGGTTAAATGCATATCACCTAGTCCAATAAGGGCTTAATCACCATGCCTCGAGAAACCATCAATCCTTGCTTGTAATGTCCCTCTTCTCGCTCCGGGCCCATATCAACGTGGGGGTTTCTATTATGGAACTATACCTGGCATCTGGTTCTTACCTCAGGGCCATGATCTTATTTACTCCAATCCTACTAATTCTTGCAAATGGGACATCTCGATGGACTAATGACTAATCAGCCCATGATCACACATAACTGTGGTGTCATGCATTTGGTATCTTTTAATTTTC-GGGGGGGAATCTGCTATCACTCATCTATGACCGCAACGGCACTAACTCTAACTTATCTTCTGCTCTCAGGGAATATGCC\\"/>
	<sequence id=\\"seq_Canis_latrans__EU4005701\\" taxon=\\"Canis_latrans__EU400570\\" totalcount=\\"4\\" value=\\"---------------TATATTGAATCACCCCTACTGTGCTACGTCAGTATCTCCAAAAAAT------CCTCCCTCCCCTATGTACGTCGTGCATTAATGGCTTGCCCCATGCATATAAGCATGTACATAATATTATATTCTTACATAGGACATATCAACTTAACCTTGCAGTTCACTGATCTTCAACAG-TGGTTAAATGCATATCACCTAGTCCAATAAGGGCTTAATCACCATGCCTCGAGAAACCATCAATCCTTGCTCGTAATGTCCCTCTTCTCGCTCCGGGCCCATATCAACGTGGGGGTTTCTATCGTGGAACTATACCTGGCATCTGGTTCTTACCTCAGGGTCATAATCTTATTTACTCCAATCCTACTAATTCTTGCAAATGGGACATCTCGATGGACTAATGACTAATCAGCCCATGATCACACATAACTGTGGTGTCATGCATTTGGTATCTTTTAATTTTC-GGGGGGGAATCTGCTATCACTCACCTACGACCGCAACGGCACTAACTCTAACTTATCTTCTGCTCTCAGGGAATATGCC\\"/>
	<sequence id=\\"seq_Canis_latrans__EU4005711\\" taxon=\\"Canis_latrans__EU400571\\" totalcount=\\"4\\" value=\\"---------------TATATTGAATCACCCCTACTGTGCTACGTCAGTATCTCCAAAAATC------CTTCTCCCCCCTATGTACGTCGTGCATTAATGGCTTGCCCCATGCATATAAGCATGTACATAATATTATACCTTTACATAGGACATACTAACTTAACCTTACAGCTCACTGGTCTTCAACAGTTGGTTAAATGCATATCACCTAGTCCAATAAGGGCTTAATCACCATGCCTCGAGAAACCATCAATCCTTGCTCGTAATGTCCCTCTTCTCGCTCCGGGCCCATATCAACGTGGGGGTTTCTATTGTGGAACTATACCTGGCATCTGGTTCTTACCTCAGGGTCATGATCTTATTTACTCCAATCCTACTAATTCATGCAAATGGGACATCTCGATGGACTAATGACTAATCAGCCCATGATCACACATAACTGTGGTGTCATGCATTTGGTATCTTTTAATTTTC-GGGGGGGAATCTGCTATCACTCATCTACGACCGCAACGGCACTAACTCTAACTTATCTTCTGCTCTCAGGGAATATGCC\\"/>
	<sequence id=\\"seq_Canis_latrans__EU4005721\\" taxon=\\"Canis_latrans__EU400572\\" totalcount=\\"4\\" value=\\"---------------TATATTGAATCACCCCTACTGTGCTACGTCAGTATCTCCAAAAATC------CTTCTC-CCCCTATGTACGTCGTGCATTAATGGCTTGCCCCATGCATATAAGCATGTACATAATATTATACCTTTACATAGGACATATTAACTTAACCTTACAGTTCACTGGTCTTCAACAGTTGGTTAAATGCATATCACCTAGTCCAATAAGGGCTTAATCACCATGCCTCGAGAAACCATCAATCCTTGCTCGTAATGTCCCTCTTCTCGCTCCGGGCCCATATCAACGTGGGGGTTTCTATTATGGAACTATACCTGGCATCTGGTTCTTACCTCAGGGCCATGATCTTATTTACTCCAATCCTACTAATTCTCGCAAATGGGACATCTCGATGGGCTAATGACTAATCAGCCCATGATCACACATAACTGTGGTGTCATGCATTTGGTATCTTTTAATTTTC-GGGGGGGAATCTGCTATCACTCATCTACGACCGCAACGGCACTAACTCTAACTTATCTTCTGCTCTCAGGGAATATGCC\\"/>
	<sequence id=\\"seq_Canis_latrans__EU4005731\\" taxon=\\"Canis_latrans__EU400573\\" totalcount=\\"4\\" value=\\"---------------TATATTGAATCACCCCTACTGTGCTACGTCAGTATCTCCAAAAATC------CTTCTC-CCCCTATGTACGTCGTGCATTAATGGCTTGCCCCATGCATATAAGCATGTACATAATATTATACCTTTACATAGGACATACTAACTTAACCTTACAGTTCACTGATCTTCAACAGTTGGTTAAATGCATATCACCTAGTCCAATAAGGGCTTAATCTCCATGCCTCGAGAAACCATCAATCCTTGCTCGTAATGTCCCTCTTCTCTCTCCGGGCCCATATCAACGTGGGGGTTTCTATTATGGAACTATACCTGGCATCTGGTTCTTACCTCAGGGCCATGATCTTATTTACTCCAATCCTACTAATTCTTGCAAATGGGACATCTCGATGGACTAATGACTAATCAGCCCATGATCACACATAACTGTGGTGTCATGCATTTGGTATCTTTTAATTTTC-GGGGGGGAATCTGCTATCACTCATCTATGACCGCAACGGCACTAACTCTAACTTATCTTCTGCTCTCAGGGAATATGCC\\"/>
	<sequence id=\\"seq_Canis_latrans__EU4005741\\" taxon=\\"Canis_latrans__EU400574\\" totalcount=\\"4\\" value=\\"---------------TATATTGAATCACCCCTACTGTGCTACGTCAGTATCTCCAAAAATC------CTTCTCCCC-CTATGTACGTCGTGCATTAAT-GGCTGCCCCATGCATATAAGCATGTACATAATATTATACCTTTACATAGGACATACTAACTTAACCTTACAGTTCACTGATCTTCAACAGTTGGTTAAATGCATATCACCTAGTCCAATAAGGGCTTAATCACCATGCCTCGAGAAACCATCAATCCTTGCTCGTAATGTCCCTCTTCTCGCTCCGGGCCCATATCAACGTGGGGGTTTCTATTATGGAACTATACCTGGCATCTGGTTCTTACCTCAGGGCCATGATCTTATTTACTCCAATCCTACTAATTCTTGCAAATGGGACATCTCGATGGACTAATGACTAATCAGCCCATGATCACACATAACTGTGGTGTCATGCATTTGGTATCTTTTAATTTTC-GGGGGGGAATCTGCTATCACTCATCTATGACCGCAACGGCACTAACTCTAACTTATCTTCTGCTCTCAGGGGATATGCC\\"/>
	<sequence id=\\"seq_Canis_latrans__EU4005751\\" taxon=\\"Canis_latrans__EU400575\\" totalcount=\\"4\\" value=\\"---------------TATATTGAATCACCCCTACTGTGCTACGTCAGTATCTCTAAAAATC------CTTCTCCCCCCTATGTACGTCGTGCATTAATGGCTTGCCCCATGCATATAAGCATGTACATAATATTATATCTTTACATAGGACATACTGACTTAACCTTACAGCTCACTGATCTTCAACAGTTGGTTAAATGCATATCACCTAGTCCAATAAGGGCTTAATCACCATGCCTCGAGAAACCATCAATCCTTGCTCGTAATGTCCCTCTTCTCGCTCCGGGCCCATGTCTACGTGGGGGTTTCTATTATGGAACTATACCTGGCATCTGGTTCTTACCTCAGGGCCATGATTTTATTTACTCCAATCCTACTAATTCTTGCAAATGGGACATCTCGATGGACTAATGACTAATCAGCCCATGATCACACATAACTGTGGTGTCATGCATTTGGTATCTTTTAATTTTC-GGGGGGGAATCTGCTATCACTCACCTACGACCGCAACGGCACTAACTCTAACTTATCTTCTGCTCTCAGGGAATATGCC\\"/>
	<sequence id=\\"seq_Canis_latrans__EU4005761\\" taxon=\\"Canis_latrans__EU400576\\" totalcount=\\"4\\" value=\\"---------------TATATTGAATCACCCCTACTGTGCTACGTCAGTATCTCCAAAAATC------CTTCTC-CCCCTATGTACGTCGTGCATTAATGGCTTGCCCCATGCATATAAGCATGTACATAATATTATATCTTTACATAGGACATACTAACTTAACCTTACAGCCTATTGGTCTTCAACAGTTGGTTAAATGCATATCACCTAGTCCAATAAGGGCTTAATCACCATGCCTCGAGAAACCATCAATCCTTGCTCGTAATGTCCCTCTTCTCGCTCCGGGCCCATATCAACGTGGGGGTTTCTATTATGGAACTATACCTGGCATCTGGTTCTTACCTCAGGGCCATGATCTTATTTACTCCAATCCTACTAATTCTCGCAAATGGGACATCTCGATGGACTAATGACTAATCAGCCCATGATCACACATAACTGTGGTGTCATGCATTTGGTATCTTTTAATTTTC-GGGGGGGAATCTGCTATCACTCACCTACGACCGCAACGGCACTAACTCTAACTTATCTTCTGCTCTCAGGGAATATGCC\\"/>
	<sequence id=\\"seq_Canis_lupus__AF1156871\\" taxon=\\"Canis_lupus__AF115687\\" totalcount=\\"4\\" value=\\"ACACCCCTACATTCATATATTGAATCACCCCTACTGTGCTATGTCAGTATCTCCAGGTAAACCCTTCTTCCCT-CCCCTATGTACGTCGTGCATTAGTGGTTTGCCCCATGCATATAAGCATGTACATAATATTATATTCTTACATAGGACATATTAACTCAATTTCACAATTCACTGATCTATCAACAGTAATCAAATGCATATCACTTAGTCCAATAAGGGCTTAATCACCATGCCTCGAGAAACCATCAACCCTTGCTCGTAATGTCCCTCTTCTCGCTCCGGGCCCATACTAACGTGGGGGTTACTATCATGAAACTATACCTGGCATCTGGTTCTTACCTCAGGGCCATAACTCTATTTACTCCAATCCTACTAATTCTCGCAAATGGGACATCTCGATGGACTAGTGACTAATCAGCCCATGATCACACATAACTGTGGTGTCATGCATTTGGTATCTTTTAATTTTTAGGGGGGGAATCTGCTATCACTCATCTACGACCGCAACGGCACTAACTCTAACTTATCTTCTGCTCTCAG----------\\"/>
	<sequence id=\\"seq_Canis_lupus__AF1156881\\" taxon=\\"Canis_lupus__AF115688\\" totalcount=\\"4\\" value=\\"ACACCCCTACATTCATATATTGAATCACCCCTACTGTGCTATGTCAGTATCTCCAGGTAAACCCTTCTTCCCT-CCCCTATGTACGTCGTGCATTAGTGGTTTGCCCCATGCATATAAGCATGTACATAATATTATATTCTTACATAGGACATATTAACTCAATTTCACAATTCACTGATCTATCAACAGTAATCAAATGCATATCACTTAGTCCAATAAGGGCTTAATCACCATGCCTCGAGAAACCATCAACCCTTGCTCGTAATGTCCCTCTTCTCGCTCCGGGCCCATACTAACGTGGGGGTTACTATCATGAAACTATACCTGGCATCTGGTTCTTACCTCAGGGCCATAACTCTATTTACTCCAATCCTACTAATTCTCGCAAATGGGACATCTCGATGGACTAGTGACTAATCAGCCCATGATCACACATAACTGTGGTGTCATGCATTTGGTATCTTTTAATTTTTAG-GGGGGAATCTGCTATCACTCATCTACGACCGCAACGGCACTAACTCTAACTTATCTTCTGCTCTCAG----------\\"/>
	<sequence id=\\"seq_Canis_lupus__AF1156891\\" taxon=\\"Canis_lupus__AF115689\\" totalcount=\\"4\\" value=\\"ACACCCCTACATTCATATATTGAATCACCCCTACTGTGCTATGTCAGTATCTCCAGGTAAACCCTTCTTCCCT-CCCCTATGTACGTCGTGCATTAATGGTTTGCCCCATGCATATAAGCATGTACATAATATTATATTCTTACATAGGACATATTAACTCAATTTCACAATTCACTGATCTATCAACAGTAATCAAATGCATATCACTTAGTCCAATAAGGGCTTAATCACCATGCCTCGAGAAACCATCAACCCTTGCTCGTAATGTCCCTCTTCTCGCTCCGGGCCCATACTAACGTGGGGGTTACTATCATGAAACTATACCTGGCATCTGGTTCTTACCTCAGGGCCATAACTCTATTTACTCCAATCCTACTAATTCTCGCAAATGGGACATCTCGATGGACTAGTGACTAATCAGCCCATGATCACACATAACTGTGGTGTCATGCATTTGGTATCTTTTAATTTTTAG-GGGGGAATCTGCTATCACTCATCTACGACCGCAACGGCACTAACTCTAACTTATCTTCTGCTCTCAG----------\\"/>
	<sequence id=\\"seq_Canis_lupus__AF1156901\\" taxon=\\"Canis_lupus__AF115690\\" totalcount=\\"4\\" value=\\"ACACCCCTACATTCATATATTGAATCACCCCTACTGTGCTATGTCAGTATCTCCAGGTAAACCCTTCTTCCCT-CCCCTATGTACGTCGTGCATTAATGGTTTGCCCCATGCATATAAGCATGTACATAATATTATATTCTTACATAGGACATATCAACTCAATCTCATAATTCATTGATCTGTCAGCAGTAATCAAATGCATATCACTTAGTCCAATAAGGGCTTAATCACCATGCCTCGAGAAACCATCAACCCTTGCTCGTAATGTCCCTCTTCTCGCTCCGGGCCCATACTAACGTGGGGGTTACTATCATGAAACTATACCTGGCATCTGGTTCTTACCTCAGGGCCATAACTCTATTTACTCCAATCCTACTAATTCTCGCAAATGGGACATCTCGATGGACTAATGACTAATCAGCCCATGATCACACATAACTGTGGTGTCATGCATTTGGTATCTTTTAATTTTTGG-GGGGGAATCTGCTATCACTCACCTACGACCGCAACGGCACTAACTCTAACTTATCTTCTGCTCTCAG----------\\"/>
	<sequence id=\\"seq_Canis_lupus__AF1156911\\" taxon=\\"Canis_lupus__AF115691\\" totalcount=\\"4\\" value=\\"ACACCCCTACATTCATATATTGAATCACCCCTACTGTGCTATGTCAGTATCTCCAGGTAAACCCTTCTTCCCT-CCCCTATGTACGTCGTGCATTAATGGTTTGCCCCATGCATATAAGCATGTACATAATATTATATTCTTACATAGGACATATCAACTCAATCTCATAATTCATTGATCTGTCAACAGTAATCAAATGCATATCACTTAGTCCAATAAGGGCTTAATCACCATGCCTCGAGAAACCATCAACCCTTGCTCGTAATGTCCCTCTTCTCGCTCCGGGCCCATACTAACGTGGGGGTTACTATCATGAAACTATACCTGGCATCTGGTTCTTACCTCAGGGCCATAACTCTATTTACTCCAATCCTACTAATTCTCGCAAATGGGACATCTCGATGGACTAATGACTAATCAGCCCATGATCACACATAACTGTGGTGTCATGCATTTGGTATCTTTTAATTTTTAG-GGGGGAATCTGCTATCACTCATCTACGACCGCAACGGCACTAACTCTAACTTATCTTCTGCTCTCAG----------\\"/>
	<sequence id=\\"seq_Canis_lupus__AF1156921\\" taxon=\\"Canis_lupus__AF115692\\" totalcount=\\"4\\" value=\\"ACACCCCTACATTCATATATTGAATCACCCCTACTGTGCTATGTCAGTATCTCCAGGTAAACCCTTCTTCCCT-CCCCTATGTACGTCGTGCATTAATGGTTTGCCCCATGCATATAAGCATGTACATAATATTACATTCTTACATAGGACATATTAACTCAATCTCATAATTCACTGATCTATCAACAGTAATCAAATGCATATCACTTAGTCCAATAAGGGCTTAATCACCATGCCTCGAGAAACCATCAACCCTTGCTCGTAATGTCCCTCTTCTCGCTCCGGGCCCATACTAACGTGGGGGTTACTATCATGAAACTATACCTGGCATCTGGTTCTTACCTCAGGGCCATGACTTTATTTACTCCAATCCTACTAATTCTCGCAAATGGGACATCTCGATGGACTAATGACTAATCAGCCCATGATCACACATAACTGTGGTGTCATGCATTTGGTATCTTTTAATTTTTAG-GGGGGAATCTGCTATCACTCATCTACGACCGCAACGGCACTAACTCTAACTTATCTTCTGCTCTCAG----------\\"/>
	<sequence id=\\"seq_Canis_lupus__AF1156931\\" taxon=\\"Canis_lupus__AF115693\\" totalcount=\\"4\\" value=\\"ACACCCCTACATTCATATATTGAATCACCCCTACTGTGCTATGTCAGTATCTCCAGGTAAACCCTTCTTCCCT-CCCCTATGTACGTCGTGCATTAATGGTTTGCCCCATGCATATAAGCATGTACATAATATTACATTCTTACATAGGACATATTAACTCAATCTCATAATTCACTGATCTATCAACAGTAATCAAATGCATATCACTTAGTCCAATAAGGGCTTAATCACCATGCCTCGAGAAACCATCAACCCTTGCTCGTAATGTCCCTCTTCTCGCTCCGGGCCCATACTAACGTGGGGGTTACTATCATGAAACTATACCTGGCATCTGGTTCTTACCTCAGGGCCATGACTTTATTTACTCCAATCCTACTAATTCTCGCAAATGGGACATCTCGATGGACTAGTGACTAATCAGCCCATGATCACACATAACTGTGGTGTCATGCATTTGGTATCTTTTAATTTTTAG-GGGGGAATCTGCTATCACTCATCTACGACCGCAACGGCACTAACTCTAACTTATCTTCTGCTCTCAG----------\\"/>
	<sequence id=\\"seq_Canis_lupus__AF1156941\\" taxon=\\"Canis_lupus__AF115694\\" totalcount=\\"4\\" value=\\"ACACCCCTACATTCATATATTGAATCACCCCTACTGTGCTATGTCAGTATCTCCAGGTAAACCCTTCTTCCCT-CCCCTATGTACGTCGTGCATTAGTGGTTTGCCCCATGCATATAAGCATGTACATAATATTATATCCTTACATAGGACATATTAACTCAATCTCATAATTCACTGATCTATCAGCAGTAATCAAATGCATATCACTTAGTCCAATAAGGGCTTAATCACCATGCCTCGAGAAACCATCAACCCTTGCTCGTAATGTCCCTCTTCTCGCTCCGGGCCCATACTAACGTGGGGGTTACTATCATGAAACTATACCTGGCATCTGGTTCTTACCTCAGGGCCATAACTTTATTTACTCCAATCCTACTAATTCTTGCAAATGGGACATCTCGATGGACTAATGACTAATCAGCCCATGATCACACATAACTGTGGTGTCATGCATCTGGTATCTTTTAATTTTTAG-GGGGGAATCTGCTATCACTCATCTACGACCGCAACGGCACTAACTCTAACTTATCTTCTGCTCTCAG----------\\"/>
	<sequence id=\\"seq_Canis_lupus__AF1156951\\" taxon=\\"Canis_lupus__AF115695\\" totalcount=\\"4\\" value=\\"ACACCCCTACATTCATATATTGAATCACCCCTACTGTGCTATGTCAGTATCTCCAGGTAAACCCTTCTTCCCT-CCCCTATGTACGTCGTGCATTAGTGGTTTGCCCCATGCATATAAGCATGTACATAATATTATATCCTTACATAGGACATATTAACTCAATCTCATAATTCACTGATCTATCAGCAGTAATCAAATGCATATCACTTAGTCCAATAAGGGCTTAATCACCATGCCTCGAGAAACCATCAACCCTTGCTCGTAATGTCCCTCTTCTCGCTCCGGGCCCATACTAACGTGGGGGTTACTATCATGAAACTATACCTGGCATCTGGTTCTTACCTCAGGGCCATAACTTTATTTACTCCAATCCTACTAATTCTTGCAAATGGGACATCTCGATGGACTAATGACTAATCAGCCCATGATCACACATAACTGTGGTGTCATGCATTTGGTATCTTTTAATTTTTAG-GGGGGAATCTGCTATCACTCATCTATGACCGCAACGGCACTAACTCTAACTTATCTTCTGCTCTCAG----------\\"/>
	<sequence id=\\"seq_Canis_lupus__AF1156961\\" taxon=\\"Canis_lupus__AF115696\\" totalcount=\\"4\\" value=\\"ACACCCCTACATTCATATATTGAATCACCCCTACTGTGCTATGTCAGTATCTCCAGGTAAACCCTTCTTCCCT-CCCCTATGTACGTCGTGCATTAGTGGTTTGCCCCATGCATATAAGCATGTACATAATATTATATCCTTACATAGGACATATTAACTCAATCTCATAATTCACTGATCTATCAGCAGCAATCAAATGCATATCACTTAGTCCAATAAGGGCTTAATCACCATGCCTCGAGAAACCATCAACCCTTGCTCGTAATGTCCCTCTTCTCGCTCCGGGCCCATACTAACGTGGGGGTTACTATCATGAAACTATACCTGGCATCTGGTTCTTACCTCAGGGCCATAACTTTATTTACTCCAATCCTACTAATTCTCGCAAATGGGACATCTCGATGGACTAATGACTAATCAGCCCATGATCACACATAACTGTGGTGTCATGCATTTGGTATCTTTTAATTTTTGG-GGGGGAATCTGCTATCACTCATCTACGACCGCAACGGCACTAACTCTAACTTATCTTCTGCTCTCAG----------\\"/>
	<sequence id=\\"seq_Canis_lupus__AF1156971\\" taxon=\\"Canis_lupus__AF115697\\" totalcount=\\"4\\" value=\\"ACACCCCTACATTCATATATTGAATCACCCCTACTGTGCTATGTCAGTATCTCCAGGTAAACCCTTCTTCCCT-CCCCTATGTACGTCGTGCATTAATGGTTTGCCCCATGCATATAAGCATGTACATAATATTATATCCTTACATAGGACATATTAACTCAATCTCATAATTCACTGATCTATCAACAGTAATCAAATGCATATCACTTAGTCCAATAAGGGCTTAATCACCATGCCTCGAGAAACCATCAACCCTTGCTCGTAATGTCCCTCTTCTCGCTCCGGGCCCATACTAACGTGGGGGTTACTATCATGAAACTATACCTGGCATCTGGTTCTTACCTCAGGGCCATAACTTTATTTACTCCAATCCTACTAATTCTTGCAAATGGGACATCTCGATGGACTAATGACTAATCAGCCCATGATCACACATAACTGTGGTGTCATGCATCTGGTATCTTTTAATTTTTAG-GGGGGAATCTGCTATCACTCATCTACGACCGCAACGGCACTAACTCTAACTTATCTTCTGCTCTCAG----------\\"/>
	<sequence id=\\"seq_Canis_lupus__AF1156981\\" taxon=\\"Canis_lupus__AF115698\\" totalcount=\\"4\\" value=\\"ACACCCCTACATTCATATATTGAATCACCCCTACTGTGCTATGTCAGTATCTCCAGGTAAACCCTTCTTCCCT-CCCCTATGTACGTCGTGCATTAATGGTTTGCCCCATGCATATAAGCATGTACATAATATTATATCCTTACATAGGACATATTAACTCAATTTCATAGTTCACTGATCTATCAACAGTAATCGAATGCATATCACTTAGTCCAATAAGGGCTTAATCACCATGCCTCGAGAAACCATCAACCCTTGCTCGTAATGTCCCTCTTCTCGCTCCGGGCCCATACTAACGTGGGGGTTACTATCATGAAACTATACCTGGCATCTGGTTCTTACCTCAGGGCCATAACCTTGTTCACTCCAATCCTACTAATTCTCGCAAATGGGACATCTCGATGGACTAATGACTAATCAGCCCATGATCACACATAACTGTGGTGTCATGCATTTGGTATCTTTTAATTTTTAG-GGGGGAATCTGCTATCACTCATCTACGACCGCAACGGCACTAACTCTAACTTATCTTCTGCTCTCAG----------\\"/>
	<sequence id=\\"seq_Canis_lupus__AF1157021\\" taxon=\\"Canis_lupus__AF115702\\" totalcount=\\"4\\" value=\\"ACACCCCTACATTCATATATTGAATCACCCCTACTGTGCTATGTCAGTATCTCCAGGTAAACCCTTCTTCCCT-CCCCTATGTACGTCGTGCATTAATGGTTTGCCCCATGCATATAAGCATGTACATAATATTATATCCTTACATAGGACATATTAACTCAATCTCATATTTCACTGATCTATCAGCAGTAATTAAATGCATATCACTTAGTCCAATAAGGGCTTAATCACCATGCCTCGAGAAACCATCAACCCTTGCTCGTAATGTCCCTCTTCTCGCTCCGGGCCCATACTAACGTGGGGGTTACTATCATGAAACTATACCTGGCATCTGGTTCTTACCTCAGGGCCATAACTCTATTTACTCCAATCCTACCAATTCTCGCAAATGGGACATCTCGATGGACTAATGACTAATCAGCCCATGATCACACATAACTGTGGTGTCATGCATTTGGTATCTTTTAATTTTTAG-GGGGGAATCTGCTATCACTCACCTACGACCGCAACGGCACTAACTCTAACTTATCTTCTGCTCTCAG----------\\"/>
	<sequence id=\\"seq_Canis_lupus__AF1157031\\" taxon=\\"Canis_lupus__AF115703\\" totalcount=\\"4\\" value=\\"ACACCCCTACATTCATATATTGAATCACCCCTACTGTGCTATGTCAGTATCTCCAGGTAAACCCTTCTTCCCT-CCCCTATGTACGTCGTGCATTAATGGTTTGCCCCATGCATATAAGCATGTACATAATATTATATCCTTACATAGGACATATTAACTCAATCTCATATTTCACTGATCTATCAGCAGTAATCAAATGCATATCACTTAGTCCAATAAGGGCTTAATCACCATGCCTCGAGAAACCATCAACCCTTGCTCGTAATGTCCCTCTTCTCGCTCCGGGCCCATACTAACGTGGGGGTTACTATCATGAAACTATACCTGGCATCTGGTTCTTACCTCAGGGCCATAACTCTATTTACTCCAATCCTACCAATTCTCGCAAATGGGACATCTCGATGGACTAATGACTAATCAGCCCATGATCACACATAACTGTGGTGTCATGCATTTGGTATCTTTTAATTTTTAG-GGGGGAATCTGCTATCACTCACCTACGACCGCAACGGCACTAACTCTAACTTATCTTCTGCTCTCAG----------\\"/>
</data>

<map name=\\"Uniform\\">beast.math.distributions.Uniform</map>
<map name=\\"Exponential\\">beast.math.distributions.Exponential</map>
<map name=\\"LogNormal\\">beast.math.distributions.LogNormalDistributionModel</map>
<map name=\\"Normal\\">beast.math.distributions.Normal</map>
<map name=\\"Beta\\">beast.math.distributions.Beta</map>
<map name=\\"Gamma\\">beast.math.distributions.Gamma</map>
<map name=\\"LaplaceDistribution\\">beast.math.distributions.LaplaceDistribution</map>
<map name=\\"prior\\">beast.math.distributions.Prior</map>
<map name=\\"InverseGamma\\">beast.math.distributions.InverseGamma</map>
<map name=\\"OneOnX\\">beast.math.distributions.OneOnX</map>

<run id=\\"mcmc\\" spec=\\"MCMC\\" chainLength=\\"10000000\\" storeEvery=\\"5000\\">
	<state id=\\"state\\" storeEvery=\\"5000\\">
		<parameter id=\\"popSize\\" name=\\"stateNode\\">1.0</parameter>
		<tree id=\\"Tree.t:Species\\" name=\\"stateNode\\">
			<taxonset id=\\"taxonsuperset\\" spec=\\"TaxonSet\\">
				<taxon id=\\"Canis_latrans\\" spec=\\"TaxonSet\\">
					<taxon id=\\"Canis_latrans__EU400544\\" spec=\\"Taxon\\"/>
					<taxon id=\\"Canis_latrans__EU400545\\" spec=\\"Taxon\\"/>
					<taxon id=\\"Canis_latrans__EU400546\\" spec=\\"Taxon\\"/>
					<taxon id=\\"Canis_latrans__EU400547\\" spec=\\"Taxon\\"/>
					<taxon id=\\"Canis_latrans__EU400548\\" spec=\\"Taxon\\"/>
					<taxon id=\\"Canis_latrans__EU400549\\" spec=\\"Taxon\\"/>
					<taxon id=\\"Canis_latrans__EU400550\\" spec=\\"Taxon\\"/>
					<taxon id=\\"Canis_latrans__EU400551\\" spec=\\"Taxon\\"/>
					<taxon id=\\"Canis_latrans__EU400552\\" spec=\\"Taxon\\"/>
					<taxon id=\\"Canis_latrans__EU400553\\" spec=\\"Taxon\\"/>
					<taxon id=\\"Canis_latrans__EU400554\\" spec=\\"Taxon\\"/>
					<taxon id=\\"Canis_latrans__EU400555\\" spec=\\"Taxon\\"/>
					<taxon id=\\"Canis_latrans__EU400556\\" spec=\\"Taxon\\"/>
					<taxon id=\\"Canis_latrans__EU400557\\" spec=\\"Taxon\\"/>
					<taxon id=\\"Canis_latrans__EU400558\\" spec=\\"Taxon\\"/>
					<taxon id=\\"Canis_latrans__EU400559\\" spec=\\"Taxon\\"/>
					<taxon id=\\"Canis_latrans__EU400560\\" spec=\\"Taxon\\"/>
					<taxon id=\\"Canis_latrans__EU400561\\" spec=\\"Taxon\\"/>
					<taxon id=\\"Canis_latrans__EU400562\\" spec=\\"Taxon\\"/>
					<taxon id=\\"Canis_latrans__EU400563\\" spec=\\"Taxon\\"/>
					<taxon id=\\"Canis_latrans__EU400564\\" spec=\\"Taxon\\"/>
					<taxon id=\\"Canis_latrans__EU400565\\" spec=\\"Taxon\\"/>
					<taxon id=\\"Canis_latrans__EU400566\\" spec=\\"Taxon\\"/>
					<taxon id=\\"Canis_latrans__EU400567\\" spec=\\"Taxon\\"/>
					<taxon id=\\"Canis_latrans__EU400568\\" spec=\\"Taxon\\"/>
					<taxon id=\\"Canis_latrans__EU400569\\" spec=\\"Taxon\\"/>
					<taxon id=\\"Canis_latrans__EU400570\\" spec=\\"Taxon\\"/>
					<taxon id=\\"Canis_latrans__EU400571\\" spec=\\"Taxon\\"/>
					<taxon id=\\"Canis_latrans__EU400572\\" spec=\\"Taxon\\"/>
					<taxon id=\\"Canis_latrans__EU400573\\" spec=\\"Taxon\\"/>
					<taxon id=\\"Canis_latrans__EU400574\\" spec=\\"Taxon\\"/>
					<taxon id=\\"Canis_latrans__EU400575\\" spec=\\"Taxon\\"/>
					<taxon id=\\"Canis_latrans__EU400576\\" spec=\\"Taxon\\"/>
				</taxon>
				<taxon id=\\"Canis_lupus\\" spec=\\"TaxonSet\\">
					<taxon id=\\"Canis_lupus__AF115687\\" spec=\\"Taxon\\"/>
					<taxon id=\\"Canis_lupus__AF115688\\" spec=\\"Taxon\\"/>
					<taxon id=\\"Canis_lupus__AF115689\\" spec=\\"Taxon\\"/>
					<taxon id=\\"Canis_lupus__AF115690\\" spec=\\"Taxon\\"/>
					<taxon id=\\"Canis_lupus__AF115691\\" spec=\\"Taxon\\"/>
					<taxon id=\\"Canis_lupus__AF115692\\" spec=\\"Taxon\\"/>
					<taxon id=\\"Canis_lupus__AF115693\\" spec=\\"Taxon\\"/>
					<taxon id=\\"Canis_lupus__AF115694\\" spec=\\"Taxon\\"/>
					<taxon id=\\"Canis_lupus__AF115695\\" spec=\\"Taxon\\"/>
					<taxon id=\\"Canis_lupus__AF115696\\" spec=\\"Taxon\\"/>
					<taxon id=\\"Canis_lupus__AF115697\\" spec=\\"Taxon\\"/>
					<taxon id=\\"Canis_lupus__AF115698\\" spec=\\"Taxon\\"/>
					<taxon id=\\"Canis_lupus__AF115702\\" spec=\\"Taxon\\"/>
					<taxon id=\\"Canis_lupus__AF115703\\" spec=\\"Taxon\\"/>
				</taxon>
			</taxonset>
		</tree>
		<parameter id=\\"birthRate.t:Species\\" lower=\\"0.0\\" name=\\"stateNode\\">1.0</parameter>
		<parameter id=\\"popMean\\" name=\\"stateNode\\">1.0</parameter>
		<tree id=\\"Tree.t:data\\" name=\\"stateNode\\">
			<taxonset id=\\"TaxonSet.data\\" spec=\\"TaxonSet\\">
				<alignment idref=\\"data\\"/>
			</taxonset>
		</tree>
		<parameter id=\\"kappa.s:data\\" lower=\\"0.0\\" name=\\"stateNode\\">2.0</parameter>
		<parameter id=\\"freqParameter.s:data\\" dimension=\\"4\\" lower=\\"0.0\\" name=\\"stateNode\\" upper=\\"1.0\\">0.25</parameter>
	</state>

	<init id=\\"SBI\\" spec=\\"beast.evolution.speciation.StarBeastStartState\\" birthRate=\\"@birthRate.t:Species\\" popMean=\\"@popMean\\" speciesTree=\\"@Tree.t:Species\\">
		<gene idref=\\"Tree.t:data\\"/>
		<speciesTreePrior id=\\"SpeciesTreePopSize.Species\\" spec=\\"beast.evolution.speciation.SpeciesTreePrior\\" bottomPopSize=\\"@popSize\\" gammaParameter=\\"@popMean\\" taxonset=\\"@taxonsuperset\\" tree=\\"@Tree.t:Species\\"/>
	</init>

	<distribution id=\\"posterior\\" spec=\\"util.CompoundDistribution\\">
		<distribution id=\\"speciescoalescent\\" spec=\\"util.CompoundDistribution\\">
			<distribution idref=\\"SpeciesTreePopSize.Species\\"/>
			<distribution id=\\"treePrior.t:data\\" spec=\\"beast.evolution.speciation.GeneTreeForSpeciesTreeDistribution\\" ploidy=\\"0.25\\" speciesTree=\\"@Tree.t:Species\\" speciesTreePrior=\\"@SpeciesTreePopSize.Species\\" tree=\\"@Tree.t:data\\"/>
		</distribution>
		<distribution id=\\"prior\\" spec=\\"util.CompoundDistribution\\">
			<distribution id=\\"YuleModel.t:Species\\" spec=\\"beast.evolution.speciation.YuleModel\\" birthDiffRate=\\"@birthRate.t:Species\\" tree=\\"@Tree.t:Species\\"/>
			<prior id=\\"YuleBirthRatePrior.t:Species\\" name=\\"distribution\\" x=\\"@birthRate.t:Species\\">
				<OneOnX id=\\"OneOnX.0\\" name=\\"distr\\"/>
			</prior>
			<prior id=\\"popMean.prior\\" name=\\"distribution\\" x=\\"@popMean\\">
				<OneOnX id=\\"OneOnX.1\\" name=\\"distr\\"/>
			</prior>
			<prior id=\\"KappaPrior.s:data\\" name=\\"distribution\\" x=\\"@kappa.s:data\\">
				<LogNormal id=\\"LogNormalDistributionModel.0\\" name=\\"distr\\">
					<parameter id=\\"RealParameter.1\\" estimate=\\"false\\" name=\\"M\\">1.0</parameter>
					<parameter id=\\"RealParameter.2\\" estimate=\\"false\\" name=\\"S\\">1.25</parameter>
				</LogNormal>
			</prior>
		</distribution>
		<distribution id=\\"likelihood\\" spec=\\"util.CompoundDistribution\\" useThreads=\\"true\\">
			<distribution id=\\"treeLikelihood.data\\" spec=\\"TreeLikelihood\\" data=\\"@data\\" tree=\\"@Tree.t:data\\">
				<siteModel id=\\"SiteModel.s:data\\" spec=\\"SiteModel\\">
					<parameter id=\\"mutationRate.s:data\\" estimate=\\"false\\" name=\\"mutationRate\\">1.0</parameter>
					<parameter id=\\"gammaShape.s:data\\" estimate=\\"false\\" name=\\"shape\\">1.0</parameter>
					<parameter id=\\"proportionInvariant.s:data\\" estimate=\\"false\\" lower=\\"0.0\\" name=\\"proportionInvariant\\" upper=\\"1.0\\">0.0</parameter>
					<substModel id=\\"hky.s:data\\" spec=\\"HKY\\" kappa=\\"@kappa.s:data\\">
						<frequencies id=\\"estimatedFreqs.s:data\\" spec=\\"Frequencies\\" frequencies=\\"@freqParameter.s:data\\"/>
					</substModel>
				</siteModel>
				<branchRateModel id=\\"StrictClock.c:data\\" spec=\\"beast.evolution.branchratemodel.StrictClockModel\\">
					<parameter id=\\"clockRate.c:data\\" estimate=\\"false\\" name=\\"clock.rate\\">1.0</parameter>
				</branchRateModel>
			</distribution>
		</distribution>
	</distribution>

	<operator id=\\"Reheight.t:Species\\" spec=\\"NodeReheight\\" taxonset=\\"@taxonsuperset\\" tree=\\"@Tree.t:Species\\" weight=\\"94.0\\">
		<genetree idref=\\"Tree.t:data\\"/>
	</operator>

	<operator id=\\"popSizeBottomScaler.t:Species\\" spec=\\"ScaleOperator\\" degreesOfFreedom=\\"1\\" parameter=\\"@popSize\\" scaleFactor=\\"0.5\\" weight=\\"5.0\\"/>

	<operator id=\\"popMeanScale.t:Species\\" spec=\\"ScaleOperator\\" parameter=\\"@popMean\\" scaleFactor=\\"0.75\\" weight=\\"3.0\\"/>

	<operator id=\\"updown.all.Species\\" spec=\\"UpDownOperator\\" scaleFactor=\\"0.75\\" weight=\\"20.0\\">
		<up idref=\\"birthRate.t:Species\\"/>
		<down idref=\\"popMean\\"/>
		<down idref=\\"popSize\\"/>
		<down idref=\\"Tree.t:Species\\"/>
		<down idref=\\"Tree.t:data\\"/>
	</operator>

	<operator id=\\"YuleBirthRateScaler.t:Species\\" spec=\\"ScaleOperator\\" parameter=\\"@birthRate.t:Species\\" scaleFactor=\\"0.75\\" weight=\\"3.0\\"/>

	<operator id=\\"treeScaler.t:data\\" spec=\\"ScaleOperator\\" scaleFactor=\\"0.5\\" tree=\\"@Tree.t:data\\" weight=\\"3.0\\"/>

	<operator id=\\"treeRootScaler.t:data\\" spec=\\"ScaleOperator\\" rootOnly=\\"true\\" scaleFactor=\\"0.5\\" tree=\\"@Tree.t:data\\" weight=\\"3.0\\"/>

	<operator id=\\"UniformOperator.t:data\\" spec=\\"Uniform\\" tree=\\"@Tree.t:data\\" weight=\\"30.0\\"/>

	<operator id=\\"SubtreeSlide.t:data\\" spec=\\"SubtreeSlide\\" tree=\\"@Tree.t:data\\" weight=\\"15.0\\"/>

	<operator id=\\"narrow.t:data\\" spec=\\"Exchange\\" tree=\\"@Tree.t:data\\" weight=\\"15.0\\"/>

	<operator id=\\"wide.t:data\\" spec=\\"Exchange\\" isNarrow=\\"false\\" tree=\\"@Tree.t:data\\" weight=\\"3.0\\"/>

	<operator id=\\"WilsonBalding.t:data\\" spec=\\"WilsonBalding\\" tree=\\"@Tree.t:data\\" weight=\\"3.0\\"/>

	<operator id=\\"KappaScaler.s:data\\" spec=\\"ScaleOperator\\" parameter=\\"@kappa.s:data\\" scaleFactor=\\"0.5\\" weight=\\"0.1\\"/>

	<operator id=\\"FrequenciesExchanger.s:data\\" spec=\\"DeltaExchangeOperator\\" delta=\\"0.01\\" weight=\\"0.1\\">
		<parameter idref=\\"freqParameter.s:data\\"/>
	</operator>

	<logger id=\\"tracelog\\" fileName=\\"data.log\\" logEvery=\\"5000\\" model=\\"@posterior\\" sort=\\"smart\\">
		<log idref=\\"posterior\\"/>
		<log idref=\\"likelihood\\"/>
		<log idref=\\"prior\\"/>
		<log idref=\\"speciescoalescent\\"/>
		<log idref=\\"birthRate.t:Species\\"/>
		<log idref=\\"YuleModel.t:Species\\"/>
		<log idref=\\"popMean\\"/>
		<log id=\\"TreeHeight.Species\\" spec=\\"beast.evolution.tree.TreeHeightLogger\\" tree=\\"@Tree.t:Species\\"/>
		<log idref=\\"treeLikelihood.data\\"/>
		<log idref=\\"treePrior.t:data\\"/>
		<log id=\\"TreeHeight.t:data\\" spec=\\"beast.evolution.tree.TreeHeightLogger\\" tree=\\"@Tree.t:data\\"/>
		<log idref=\\"kappa.s:data\\"/>
		<log idref=\\"freqParameter.s:data\\"/>
	</logger>

	<logger id=\\"speciesTreeLogger\\" fileName=\\"species.trees\\" logEvery=\\"5000\\" mode=\\"tree\\">
		<log id=\\"SpeciesTreeLoggerX\\" spec=\\"beast.evolution.speciation.SpeciesTreeLogger\\" popSize=\\"@popSize\\" speciesTreePrior=\\"@SpeciesTreePopSize.Species\\" tree=\\"@Tree.t:Species\\">
			<treetop id=\\"treeTopFinder\\" spec=\\"beast.evolution.speciation.TreeTopFinder\\">
				<tree idref=\\"Tree.t:data\\"/>
			</treetop>
		</log>
	</logger>

	<logger id=\\"screenlog\\" logEvery=\\"5000\\" model=\\"@posterior\\">
		<log idref=\\"posterior\\"/>
		<log id=\\"ESS.0\\" spec=\\"util.ESS\\" arg=\\"@posterior\\"/>
		<log idref=\\"likelihood\\"/>
		<log idref=\\"prior\\"/>
	</logger>

	<logger id=\\"treelog.t:data\\" fileName=\\"$(tree).trees\\" logEvery=\\"5000\\" mode=\\"tree\\">
		<log id=\\"TreeWithMetaDataLogger.t:data\\" spec=\\"beast.evolution.tree.TreeWithMetaDataLogger\\" tree=\\"@Tree.t:data\\"/>
	</logger>

	<operatorschedule id=\\"operatorSchedule\\" spec=\\"OperatorSchedule\\">
		<subschedule id=\\"operatorSubschedule\\" spec=\\"OperatorSchedule\\" operatorPattern=\\"^.*Species$\\" weight=\\"20.0\\" weightIsPercentage=\\"true\\"/>
	</operatorschedule>

</run>

</beast>
"
`;
